==REPORT timing==
Startpoint: u_acc/_56503_ (rising edge-triggered flip-flop clocked by clk)
Endpoint: _2200_ (rising edge-triggered flip-flop clocked by clk)
Path Group: clk
Path Type: max

     Cap     Slew    Delay     Time   Description
---------------------------------------------------------------------------
                     0.000    0.000   clock clk (rise edge)
                     0.000    0.000   clock source latency
   0.074    0.000    0.000    0.000 ^ clk (in)
            0.010    0.005    0.005 ^ clkbuf_0_clk/A (sky130_fd_sc_hd__clkbuf_4)
   0.008    0.041    0.113    0.118 ^ clkbuf_0_clk/X (sky130_fd_sc_hd__clkbuf_4)
            0.041    0.000    0.119 ^ clkbuf_1_0_0_clk/A (sky130_fd_sc_hd__clkbuf_4)
   0.005    0.035    0.119    0.237 ^ clkbuf_1_0_0_clk/X (sky130_fd_sc_hd__clkbuf_4)
            0.035    0.000    0.237 ^ clkbuf_1_0_1_clk/A (sky130_fd_sc_hd__clkbuf_4)
   0.037    0.121    0.186    0.424 ^ clkbuf_1_0_1_clk/X (sky130_fd_sc_hd__clkbuf_4)
            0.121    0.002    0.426 ^ clkbuf_2_0_0_clk/A (sky130_fd_sc_hd__clkbuf_4)
   0.006    0.036    0.149    0.575 ^ clkbuf_2_0_0_clk/X (sky130_fd_sc_hd__clkbuf_4)
            0.036    0.000    0.575 ^ clkbuf_2_0_1_clk/A (sky130_fd_sc_hd__clkbuf_4)
   0.005    0.035    0.117    0.692 ^ clkbuf_2_0_1_clk/X (sky130_fd_sc_hd__clkbuf_4)
            0.035    0.000    0.692 ^ clkbuf_2_0_2_clk/A (sky130_fd_sc_hd__clkbuf_4)
   0.005    0.035    0.116    0.808 ^ clkbuf_2_0_2_clk/X (sky130_fd_sc_hd__clkbuf_4)
            0.035    0.000    0.808 ^ clkbuf_2_0_3_clk/A (sky130_fd_sc_hd__clkbuf_4)
   0.030    0.101    0.172    0.980 ^ clkbuf_2_0_3_clk/X (sky130_fd_sc_hd__clkbuf_4)
            0.101    0.001    0.982 ^ clkbuf_3_0_0_clk/A (sky130_fd_sc_hd__clkbuf_4)
   0.005    0.033    0.139    1.121 ^ clkbuf_3_0_0_clk/X (sky130_fd_sc_hd__clkbuf_4)
            0.033    0.000    1.121 ^ clkbuf_3_0_1_clk/A (sky130_fd_sc_hd__clkbuf_4)
   0.022    0.079    0.155    1.276 ^ clkbuf_3_0_1_clk/X (sky130_fd_sc_hd__clkbuf_4)
            0.079    0.001    1.277 ^ clkbuf_4_1_0_clk/A (sky130_fd_sc_hd__clkbuf_4)
   0.005    0.034    0.132    1.409 ^ clkbuf_4_1_0_clk/X (sky130_fd_sc_hd__clkbuf_4)
            0.034    0.000    1.409 ^ clkbuf_4_1_1_clk/A (sky130_fd_sc_hd__clkbuf_4)
   0.019    0.070    0.149    1.558 ^ clkbuf_4_1_1_clk/X (sky130_fd_sc_hd__clkbuf_4)
            0.070    0.001    1.559 ^ clkbuf_5_2_0_clk/A (sky130_fd_sc_hd__clkbuf_4)
   0.018    0.067    0.160    1.719 ^ clkbuf_5_2_0_clk/X (sky130_fd_sc_hd__clkbuf_4)
            0.067    0.001    1.720 ^ clkbuf_6_5_0_clk/A (sky130_fd_sc_hd__clkbuf_4)
   0.017    0.065    0.157    1.877 ^ clkbuf_6_5_0_clk/X (sky130_fd_sc_hd__clkbuf_4)
            0.065    0.001    1.877 ^ clkbuf_7_10_0_clk/A (sky130_fd_sc_hd__clkbuf_4)
   0.013    0.055    0.146    2.024 ^ clkbuf_7_10_0_clk/X (sky130_fd_sc_hd__clkbuf_4)
            0.055    0.000    2.024 ^ clkbuf_8_21_0_clk/A (sky130_fd_sc_hd__clkbuf_4)
   0.011    0.048    0.137    2.161 ^ clkbuf_8_21_0_clk/X (sky130_fd_sc_hd__clkbuf_4)
            0.048    0.000    2.161 ^ clkbuf_9_43_0_clk/A (sky130_fd_sc_hd__clkbuf_4)
   0.006    0.037    0.123    2.284 ^ clkbuf_9_43_0_clk/X (sky130_fd_sc_hd__clkbuf_4)
            0.037    0.000    2.284 ^ clkbuf_10_86_0_clk/A (sky130_fd_sc_hd__clkbuf_4)
   0.049    0.154    0.213    2.497 ^ clkbuf_10_86_0_clk/X (sky130_fd_sc_hd__clkbuf_4)
            0.154    0.001    2.498 ^ clkbuf_leaf_7381_clk/A (sky130_fd_sc_hd__clkbuf_4)
   0.006    0.037    0.161    2.659 ^ clkbuf_leaf_7381_clk/X (sky130_fd_sc_hd__clkbuf_4)
            0.037    0.000    2.659 ^ u_acc/_56503_/CLK (sky130_fd_sc_hd__dfrtp_1)
   0.061    0.524    0.657    3.316 ^ u_acc/_56503_/Q (sky130_fd_sc_hd__dfrtp_1)
            0.525    0.013    3.330 ^ g_requant[2].u_rq/_6902_/B1_N (sky130_fd_sc_hd__a21boi_4)
   0.172    1.147    1.003    4.333 ^ g_requant[2].u_rq/_6902_/Y (sky130_fd_sc_hd__a21boi_4)
            1.148    0.024    4.356 ^ g_requant[2].u_rq/_8544_/B (sky130_fd_sc_hd__nand2_1)
   0.010    0.206    0.234    4.591 v g_requant[2].u_rq/_8544_/Y (sky130_fd_sc_hd__nand2_1)
            0.206    0.000    4.591 v g_requant[2].u_rq/_8547_/B (sky130_fd_sc_hd__maj3_1)
   0.009    0.097    0.427    5.018 v g_requant[2].u_rq/_8547_/X (sky130_fd_sc_hd__maj3_1)
            0.097    0.000    5.018 v g_requant[2].u_rq/_8570_/B (sky130_fd_sc_hd__xor3_1)
   0.009    0.100    0.407    5.425 v g_requant[2].u_rq/_8570_/X (sky130_fd_sc_hd__xor3_1)
            0.100    0.000    5.425 v g_requant[2].u_rq/_8596_/B (sky130_fd_sc_hd__xor3_1)
   0.007    0.093    0.396    5.821 v g_requant[2].u_rq/_8596_/X (sky130_fd_sc_hd__xor3_1)
            0.093    0.000    5.821 v g_requant[2].u_rq/_8598_/B (sky130_fd_sc_hd__xnor2_1)
   0.012    0.301    0.288    6.108 ^ g_requant[2].u_rq/_8598_/Y (sky130_fd_sc_hd__xnor2_1)
            0.301    0.000    6.108 ^ g_requant[2].u_rq/_8616_/A (sky130_fd_sc_hd__xnor3_1)
   0.006    0.083    0.473    6.582 v g_requant[2].u_rq/_8616_/X (sky130_fd_sc_hd__xnor3_1)
            0.083    0.000    6.582 v g_requant[2].u_rq/_8634_/B (sky130_fd_sc_hd__xnor2_1)
   0.009    0.233    0.232    6.814 ^ g_requant[2].u_rq/_8634_/Y (sky130_fd_sc_hd__xnor2_1)
            0.233    0.000    6.814 ^ g_requant[2].u_rq/_8658_/B (sky130_fd_sc_hd__xor2_1)
   0.008    0.097    0.132    6.946 v g_requant[2].u_rq/_8658_/X (sky130_fd_sc_hd__xor2_1)
            0.097    0.000    6.946 v g_requant[2].u_rq/_8659_/A2 (sky130_fd_sc_hd__o21ai_1)
   0.010    0.225    0.228    7.175 ^ g_requant[2].u_rq/_8659_/Y (sky130_fd_sc_hd__o21ai_1)
            0.225    0.000    7.175 ^ g_requant[2].u_rq/_8661_/C (sky130_fd_sc_hd__maj3_1)
   0.010    0.115    0.264    7.439 ^ g_requant[2].u_rq/_8661_/X (sky130_fd_sc_hd__maj3_1)
            0.115    0.000    7.439 ^ g_requant[2].u_rq/_8663_/C (sky130_fd_sc_hd__maj3_1)
   0.010    0.113    0.228    7.667 ^ g_requant[2].u_rq/_8663_/X (sky130_fd_sc_hd__maj3_1)
            0.113    0.000    7.667 ^ g_requant[2].u_rq/_8664_/C (sky130_fd_sc_hd__maj3_1)
   0.009    0.102    0.219    7.885 ^ g_requant[2].u_rq/_8664_/X (sky130_fd_sc_hd__maj3_1)
            0.102    0.000    7.885 ^ g_requant[2].u_rq/_8666_/C (sky130_fd_sc_hd__maj3_1)
   0.008    0.096    0.210    8.095 ^ g_requant[2].u_rq/_8666_/X (sky130_fd_sc_hd__maj3_1)
            0.096    0.000    8.095 ^ g_requant[2].u_rq/_8668_/A1 (sky130_fd_sc_hd__a21oi_1)
   0.009    0.094    0.104    8.199 v g_requant[2].u_rq/_8668_/Y (sky130_fd_sc_hd__a21oi_1)
            0.094    0.000    8.199 v g_requant[2].u_rq/_8670_/C (sky130_fd_sc_hd__maj3_1)
   0.011    0.104    0.411    8.610 v g_requant[2].u_rq/_8670_/X (sky130_fd_sc_hd__maj3_1)
            0.104    0.000    8.611 v g_requant[2].u_rq/_8672_/A1 (sky130_fd_sc_hd__o21ai_1)
   0.009    0.199    0.224    8.834 ^ g_requant[2].u_rq/_8672_/Y (sky130_fd_sc_hd__o21ai_1)
            0.199    0.000    8.834 ^ g_requant[2].u_rq/_8674_/A1 (sky130_fd_sc_hd__a21oi_1)
   0.010    0.106    0.142    8.977 v g_requant[2].u_rq/_8674_/Y (sky130_fd_sc_hd__a21oi_1)
            0.106    0.000    8.977 v g_requant[2].u_rq/_8676_/A1 (sky130_fd_sc_hd__o21ai_1)
   0.009    0.207    0.231    9.208 ^ g_requant[2].u_rq/_8676_/Y (sky130_fd_sc_hd__o21ai_1)
            0.207    0.000    9.208 ^ g_requant[2].u_rq/_8678_/A1 (sky130_fd_sc_hd__a21oi_1)
   0.010    0.106    0.142    9.351 v g_requant[2].u_rq/_8678_/Y (sky130_fd_sc_hd__a21oi_1)
            0.106    0.000    9.351 v g_requant[2].u_rq/_8679_/A2 (sky130_fd_sc_hd__o21ai_1)
   0.012    0.250    0.250    9.601 ^ g_requant[2].u_rq/_8679_/Y (sky130_fd_sc_hd__o21ai_1)
            0.250    0.000    9.601 ^ g_requant[2].u_rq/_8680_/A2 (sky130_fd_sc_hd__a21oi_2)
   0.016    0.091    0.135    9.736 v g_requant[2].u_rq/_8680_/Y (sky130_fd_sc_hd__a21oi_2)
            0.091    0.001    9.737 v g_requant[2].u_rq/_8683_/A3 (sky130_fd_sc_hd__o31ai_2)
   0.015    0.359    0.335   10.072 ^ g_requant[2].u_rq/_8683_/Y (sky130_fd_sc_hd__o31ai_2)
            0.359    0.000   10.072 ^ g_requant[2].u_rq/_8778_/A1 (sky130_fd_sc_hd__a31oi_2)
   0.012    0.144    0.191   10.264 v g_requant[2].u_rq/_8778_/Y (sky130_fd_sc_hd__a31oi_2)
            0.144    0.000   10.264 v g_requant[2].u_rq/_8808_/A1 (sky130_fd_sc_hd__o21ai_1)
   0.012    0.252    0.278   10.541 ^ g_requant[2].u_rq/_8808_/Y (sky130_fd_sc_hd__o21ai_1)
            0.252    0.000   10.542 ^ g_requant[2].u_rq/_8813_/B (sky130_fd_sc_hd__nand3_1)
   0.010    0.153    0.178   10.719 v g_requant[2].u_rq/_8813_/Y (sky130_fd_sc_hd__nand3_1)
            0.153    0.000   10.720 v g_requant[2].u_rq/_8818_/B1 (sky130_fd_sc_hd__a221oi_1)
   0.011    0.444    0.448   11.168 ^ g_requant[2].u_rq/_8818_/Y (sky130_fd_sc_hd__a221oi_1)
            0.444    0.001   11.168 ^ g_requant[2].u_rq/_8819_/A2 (sky130_fd_sc_hd__o21ai_1)
   0.008    0.111    0.154   11.323 v g_requant[2].u_rq/_8819_/Y (sky130_fd_sc_hd__o21ai_1)
            0.111    0.000   11.323 v g_requant[2].u_rq/_8820_/A2 (sky130_fd_sc_hd__a21oi_1)
   0.014    0.321    0.325   11.648 ^ g_requant[2].u_rq/_8820_/Y (sky130_fd_sc_hd__a21oi_1)
            0.321    0.000   11.648 ^ g_requant[2].u_rq/_8822_/A3 (sky130_fd_sc_hd__o311a_1)
   0.010    0.117    0.243   11.891 ^ g_requant[2].u_rq/_8822_/X (sky130_fd_sc_hd__o311a_1)
            0.117    0.000   11.891 ^ g_requant[2].u_rq/_8823_/A2 (sky130_fd_sc_hd__o21a_1)
   0.011    0.117    0.177   12.068 ^ g_requant[2].u_rq/_8823_/X (sky130_fd_sc_hd__o21a_1)
            0.117    0.000   12.068 ^ g_requant[2].u_rq/_8825_/A2 (sky130_fd_sc_hd__o21ai_2)
   0.015    0.111    0.096   12.164 v g_requant[2].u_rq/_8825_/Y (sky130_fd_sc_hd__o21ai_2)
            0.111    0.000   12.165 v g_requant[2].u_rq/_8827_/A3 (sky130_fd_sc_hd__a311oi_4)
   0.014    0.301    0.380   12.545 ^ g_requant[2].u_rq/_8827_/Y (sky130_fd_sc_hd__a311oi_4)
            0.301    0.001   12.546 ^ g_requant[2].u_rq/_8830_/A2 (sky130_fd_sc_hd__o311ai_2)
   0.012    0.148    0.183   12.728 v g_requant[2].u_rq/_8830_/Y (sky130_fd_sc_hd__o311ai_2)
            0.148    0.000   12.729 v g_requant[2].u_rq/_8834_/A1 (sky130_fd_sc_hd__a211oi_1)
   0.006    0.290    0.310   13.038 ^ g_requant[2].u_rq/_8834_/Y (sky130_fd_sc_hd__a211oi_1)
            0.290    0.000   13.038 ^ g_requant[2].u_rq/_8835_/A2 (sky130_fd_sc_hd__o21ai_1)
   0.008    0.091    0.137   13.176 v g_requant[2].u_rq/_8835_/Y (sky130_fd_sc_hd__o21ai_1)
            0.091    0.000   13.176 v g_requant[2].u_rq/_8836_/A2 (sky130_fd_sc_hd__a21oi_1)
   0.011    0.254    0.267   13.444 ^ g_requant[2].u_rq/_8836_/Y (sky130_fd_sc_hd__a21oi_1)
            0.254    0.000   13.444 ^ g_requant[2].u_rq/_8838_/A2 (sky130_fd_sc_hd__o21bai_2)
   0.014    0.086    0.127   13.571 v g_requant[2].u_rq/_8838_/Y (sky130_fd_sc_hd__o21bai_2)
            0.086    0.000   13.571 v g_requant[2].u_rq/_8840_/A2 (sky130_fd_sc_hd__a2111oi_2)
   0.010    0.416    0.485   14.056 ^ g_requant[2].u_rq/_8840_/Y (sky130_fd_sc_hd__a2111oi_2)
            0.416    0.000   14.056 ^ g_requant[2].u_rq/_8846_/A1 (sky130_fd_sc_hd__o31ai_2)
   0.014    0.121    0.184   14.240 v g_requant[2].u_rq/_8846_/Y (sky130_fd_sc_hd__o31ai_2)
            0.121    0.000   14.240 v g_requant[2].u_rq/_9221_/A2 (sky130_fd_sc_hd__a21o_1)
   0.007    0.054    0.224   14.464 v g_requant[2].u_rq/_9221_/X (sky130_fd_sc_hd__a21o_1)
            0.054    0.000   14.464 v g_requant[2].u_rq/_9226_/A2 (sky130_fd_sc_hd__a21oi_1)
   0.009    0.228    0.234   14.698 ^ g_requant[2].u_rq/_9226_/Y (sky130_fd_sc_hd__a21oi_1)
            0.228    0.000   14.698 ^ g_requant[2].u_rq/_9229_/A2 (sky130_fd_sc_hd__o21a_1)
   0.011    0.110    0.192   14.890 ^ g_requant[2].u_rq/_9229_/X (sky130_fd_sc_hd__o21a_1)
            0.110    0.000   14.890 ^ g_requant[2].u_rq/_9234_/A2 (sky130_fd_sc_hd__o21ai_2)
   0.013    0.074    0.091   14.981 v g_requant[2].u_rq/_9234_/Y (sky130_fd_sc_hd__o21ai_2)
            0.074    0.000   14.981 v g_requant[2].u_rq/_9236_/A2 (sky130_fd_sc_hd__a21oi_2)
   0.020    0.255    0.263   15.244 ^ g_requant[2].u_rq/_9236_/Y (sky130_fd_sc_hd__a21oi_2)
            0.255    0.000   15.244 ^ g_requant[2].u_rq/_9242_/C (sky130_fd_sc_hd__or3_1)
   0.014    0.135    0.217   15.461 ^ g_requant[2].u_rq/_9242_/X (sky130_fd_sc_hd__or3_1)
            0.135    0.000   15.461 ^ g_requant[2].u_rq/_9243_/A3 (sky130_fd_sc_hd__a31oi_2)
   0.010    0.110    0.130   15.591 v g_requant[2].u_rq/_9243_/Y (sky130_fd_sc_hd__a31oi_2)
            0.110    0.000   15.591 v g_requant[2].u_rq/_9264_/A2 (sky130_fd_sc_hd__mux4_1)
   0.013    0.135    0.582   16.173 v g_requant[2].u_rq/_9264_/X (sky130_fd_sc_hd__mux4_1)
            0.135    0.000   16.174 v g_requant[2].u_rq/_9347_/A1 (sky130_fd_sc_hd__mux2i_1)
   0.006    0.176    0.209   16.383 ^ g_requant[2].u_rq/_9347_/Y (sky130_fd_sc_hd__mux2i_1)
            0.176    0.000   16.383 ^ g_requant[2].u_rq/_9428_/A2 (sky130_fd_sc_hd__a21oi_1)
   0.005    0.071    0.104   16.486 v g_requant[2].u_rq/_9428_/Y (sky130_fd_sc_hd__a21oi_1)
            0.071    0.000   16.486 v g_requant[2].u_rq/_9596_/A (sky130_fd_sc_hd__or4b_1)
   0.003    0.087    0.525   17.012 v g_requant[2].u_rq/_9596_/X (sky130_fd_sc_hd__or4b_1)
            0.087    0.000   17.012 v g_requant[2].u_rq/_9600_/B (sky130_fd_sc_hd__or4b_1)
   0.003    0.087    0.512   17.524 v g_requant[2].u_rq/_9600_/X (sky130_fd_sc_hd__or4b_1)
            0.087    0.000   17.524 v g_requant[2].u_rq/_9601_/A4 (sky130_fd_sc_hd__o41a_2)
   0.027    0.128    0.472   17.996 v g_requant[2].u_rq/_9601_/X (sky130_fd_sc_hd__o41a_2)
            0.128    0.002   17.998 v g_requant[2].u_rq/_9669_/A1 (sky130_fd_sc_hd__o21a_1)
   0.047    0.236    0.377   18.375 v g_requant[2].u_rq/_9669_/X (sky130_fd_sc_hd__o21a_1)
            0.237    0.012   18.388 v _1418_/A1 (sky130_fd_sc_hd__mux2i_1)
   0.116    2.398    1.843   20.231 ^ _1418_/Y (sky130_fd_sc_hd__mux2i_1)
            2.402    0.077   20.308 ^ _1420_/A2 (sky130_fd_sc_hd__o21ai_0)
   0.003    0.291    0.203   20.511 v _1420_/Y (sky130_fd_sc_hd__o21ai_0)
            0.291    0.000   20.511 v _2200_/D (sky130_fd_sc_hd__dfrtp_4)
                             20.511   data arrival time

                    15.000   15.000   clock clk (rise edge)
                     0.000   15.000   clock source latency
   0.074    0.000    0.000   15.000 ^ clk (in)
            0.010    0.005   15.005 ^ clkbuf_0_clk/A (sky130_fd_sc_hd__clkbuf_4)
   0.008    0.041    0.113   15.118 ^ clkbuf_0_clk/X (sky130_fd_sc_hd__clkbuf_4)
            0.041    0.000   15.119 ^ clkbuf_1_1_0_clk/A (sky130_fd_sc_hd__clkbuf_4)
   0.005    0.034    0.117   15.236 ^ clkbuf_1_1_0_clk/X (sky130_fd_sc_hd__clkbuf_4)
            0.034    0.000   15.236 ^ clkbuf_1_1_1_clk/A (sky130_fd_sc_hd__clkbuf_4)
   0.038    0.123    0.188   15.424 ^ clkbuf_1_1_1_clk/X (sky130_fd_sc_hd__clkbuf_4)
            0.123    0.002   15.426 ^ clkbuf_2_2_0_clk/A (sky130_fd_sc_hd__clkbuf_4)
   0.007    0.039    0.154   15.580 ^ clkbuf_2_2_0_clk/X (sky130_fd_sc_hd__clkbuf_4)
            0.039    0.000   15.580 ^ clkbuf_2_2_1_clk/A (sky130_fd_sc_hd__clkbuf_4)
   0.005    0.035    0.118   15.698 ^ clkbuf_2_2_1_clk/X (sky130_fd_sc_hd__clkbuf_4)
            0.035    0.000   15.698 ^ clkbuf_2_2_2_clk/A (sky130_fd_sc_hd__clkbuf_4)
   0.005    0.033    0.115   15.812 ^ clkbuf_2_2_2_clk/X (sky130_fd_sc_hd__clkbuf_4)
            0.033    0.000   15.813 ^ clkbuf_2_2_3_clk/A (sky130_fd_sc_hd__clkbuf_4)
   0.029    0.098    0.169   15.982 ^ clkbuf_2_2_3_clk/X (sky130_fd_sc_hd__clkbuf_4)
            0.098    0.001   15.983 ^ clkbuf_3_5_0_clk/A (sky130_fd_sc_hd__clkbuf_4)
   0.005    0.035    0.140   16.123 ^ clkbuf_3_5_0_clk/X (sky130_fd_sc_hd__clkbuf_4)
            0.035    0.000   16.123 ^ clkbuf_3_5_1_clk/A (sky130_fd_sc_hd__clkbuf_4)
   0.023    0.081    0.157   16.280 ^ clkbuf_3_5_1_clk/X (sky130_fd_sc_hd__clkbuf_4)
            0.081    0.001   16.281 ^ clkbuf_4_11_0_clk/A (sky130_fd_sc_hd__clkbuf_4)
   0.005    0.034    0.133   16.413 ^ clkbuf_4_11_0_clk/X (sky130_fd_sc_hd__clkbuf_4)
            0.034    0.000   16.413 ^ clkbuf_4_11_1_clk/A (sky130_fd_sc_hd__clkbuf_4)
   0.018    0.068    0.147   16.561 ^ clkbuf_4_11_1_clk/X (sky130_fd_sc_hd__clkbuf_4)
            0.068    0.001   16.561 ^ clkbuf_5_23_0_clk/A (sky130_fd_sc_hd__clkbuf_4)
   0.018    0.068    0.160   16.721 ^ clkbuf_5_23_0_clk/X (sky130_fd_sc_hd__clkbuf_4)
            0.068    0.001   16.722 ^ clkbuf_6_46_0_clk/A (sky130_fd_sc_hd__clkbuf_4)
   0.014    0.058    0.151   16.873 ^ clkbuf_6_46_0_clk/X (sky130_fd_sc_hd__clkbuf_4)
            0.058    0.000   16.874 ^ clkbuf_7_93_0_clk/A (sky130_fd_sc_hd__clkbuf_4)
   0.015    0.060    0.149   17.022 ^ clkbuf_7_93_0_clk/X (sky130_fd_sc_hd__clkbuf_4)
            0.060    0.000   17.023 ^ clkbuf_8_186_0_clk/A (sky130_fd_sc_hd__clkbuf_4)
   0.010    0.046    0.136   17.159 ^ clkbuf_8_186_0_clk/X (sky130_fd_sc_hd__clkbuf_4)
            0.046    0.000   17.159 ^ clkbuf_9_373_0_clk/A (sky130_fd_sc_hd__clkbuf_4)
   0.007    0.039    0.125   17.284 ^ clkbuf_9_373_0_clk/X (sky130_fd_sc_hd__clkbuf_4)
            0.039    0.000   17.284 ^ clkbuf_10_746_0_clk/A (sky130_fd_sc_hd__clkbuf_4)
   0.033    0.109    0.180   17.464 ^ clkbuf_10_746_0_clk/X (sky130_fd_sc_hd__clkbuf_4)
            0.109    0.001   17.464 ^ clkbuf_leaf_3245_clk/A (sky130_fd_sc_hd__clkbuf_4)
   0.006    0.036    0.145   17.609 ^ clkbuf_leaf_3245_clk/X (sky130_fd_sc_hd__clkbuf_4)
            0.036    0.000   17.609 ^ _2200_/CLK (sky130_fd_sc_hd__dfrtp_4)
                    -0.750   16.859   clock uncertainty
                     0.000   16.859   clock reconvergence pessimism
                    -0.224   16.636   library setup time
                             16.636   data required time
---------------------------------------------------------------------------
                             16.636   data required time
                            -20.511   data arrival time
---------------------------------------------------------------------------
                             -3.875   slack (VIOLATED)


==REPORT wns==
worst slack -3.88
==REPORT tns==
tns -169.94
==REPORT hold==
worst slack 0.01
==REPORT power==
Group                  Internal  Switching    Leakage      Total
                          Power      Power      Power      Power
----------------------------------------------------------------
Sequential             4.62e-02   3.39e-03   1.32e-07   4.96e-02  19.5%
Combinational          1.04e-01   1.00e-01   5.34e-07   2.04e-01  80.5%
Macro                  0.00e+00   0.00e+00   0.00e+00   0.00e+00   0.0%
Pad                    0.00e+00   0.00e+00   0.00e+00   0.00e+00   0.0%
----------------------------------------------------------------
Total                  1.50e-01   1.03e-01   6.66e-07   2.54e-01 100.0%
                          59.3%      40.7%       0.0%
==REPORT area==
Design area 1633226 u^2 54% utilization.
==REPORT clock_skew==
Clock clk
Latency      CRPR       Skew
u_array/u_grid/g_row[2].g_col[1].u_pe/_1736_/CLK ^
   2.76
u_array/u_grid/g_row[3].g_col[1].u_pe/_1737_/CLK ^
   2.51      0.00       0.25

==REPORT end==
