==REPORT timing==
Startpoint: g_requant[5].u_rq/_09983_
            (rising edge-triggered flip-flop clocked by clk)
Endpoint: _2684_ (rising edge-triggered flip-flop clocked by clk)
Path Group: clk
Path Type: max

     Cap     Slew    Delay     Time   Description
---------------------------------------------------------------------------
                     0.000    0.000   clock clk (rise edge)
                     0.000    0.000   clock source latency
   0.072    0.000    0.000    0.000 ^ clk (in)
            0.010    0.005    0.005 ^ clkbuf_0_clk/A (sky130_fd_sc_hd__clkbuf_4)
   0.008    0.042    0.115    0.119 ^ clkbuf_0_clk/X (sky130_fd_sc_hd__clkbuf_4)
            0.042    0.000    0.120 ^ clkbuf_1_1_0_clk/A (sky130_fd_sc_hd__clkbuf_4)
   0.006    0.036    0.120    0.239 ^ clkbuf_1_1_0_clk/X (sky130_fd_sc_hd__clkbuf_4)
            0.036    0.000    0.240 ^ clkbuf_1_1_1_clk/A (sky130_fd_sc_hd__clkbuf_4)
   0.042    0.134    0.196    0.436 ^ clkbuf_1_1_1_clk/X (sky130_fd_sc_hd__clkbuf_4)
            0.134    0.002    0.438 ^ clkbuf_2_2_0_clk/A (sky130_fd_sc_hd__clkbuf_4)
   0.005    0.036    0.153    0.592 ^ clkbuf_2_2_0_clk/X (sky130_fd_sc_hd__clkbuf_4)
            0.036    0.000    0.592 ^ clkbuf_2_2_1_clk/A (sky130_fd_sc_hd__clkbuf_4)
   0.006    0.036    0.118    0.710 ^ clkbuf_2_2_1_clk/X (sky130_fd_sc_hd__clkbuf_4)
            0.036    0.000    0.710 ^ clkbuf_2_2_2_clk/A (sky130_fd_sc_hd__clkbuf_4)
   0.005    0.034    0.115    0.825 ^ clkbuf_2_2_2_clk/X (sky130_fd_sc_hd__clkbuf_4)
            0.034    0.000    0.826 ^ clkbuf_2_2_3_clk/A (sky130_fd_sc_hd__clkbuf_4)
   0.031    0.103    0.173    0.998 ^ clkbuf_2_2_3_clk/X (sky130_fd_sc_hd__clkbuf_4)
            0.103    0.001    1.000 ^ clkbuf_3_5_0_clk/A (sky130_fd_sc_hd__clkbuf_4)
   0.004    0.032    0.139    1.139 ^ clkbuf_3_5_0_clk/X (sky130_fd_sc_hd__clkbuf_4)
            0.032    0.000    1.139 ^ clkbuf_3_5_1_clk/A (sky130_fd_sc_hd__clkbuf_4)
   0.020    0.073    0.151    1.289 ^ clkbuf_3_5_1_clk/X (sky130_fd_sc_hd__clkbuf_4)
            0.073    0.001    1.290 ^ clkbuf_4_10_0_clk/A (sky130_fd_sc_hd__clkbuf_4)
   0.004    0.033    0.128    1.418 ^ clkbuf_4_10_0_clk/X (sky130_fd_sc_hd__clkbuf_4)
            0.033    0.000    1.418 ^ clkbuf_4_10_1_clk/A (sky130_fd_sc_hd__clkbuf_4)
   0.020    0.072    0.150    1.568 ^ clkbuf_4_10_1_clk/X (sky130_fd_sc_hd__clkbuf_4)
            0.072    0.001    1.569 ^ clkbuf_5_20_0_clk/A (sky130_fd_sc_hd__clkbuf_4)
   0.014    0.058    0.152    1.721 ^ clkbuf_5_20_0_clk/X (sky130_fd_sc_hd__clkbuf_4)
            0.058    0.000    1.721 ^ clkbuf_6_40_0_clk/A (sky130_fd_sc_hd__clkbuf_4)
   0.013    0.056    0.145    1.866 ^ clkbuf_6_40_0_clk/X (sky130_fd_sc_hd__clkbuf_4)
            0.056    0.000    1.867 ^ clkbuf_7_81_0_clk/A (sky130_fd_sc_hd__clkbuf_4)
   0.015    0.059    0.148    2.014 ^ clkbuf_7_81_0_clk/X (sky130_fd_sc_hd__clkbuf_4)
            0.059    0.000    2.015 ^ clkbuf_8_162_0_clk/A (sky130_fd_sc_hd__clkbuf_4)
   0.009    0.045    0.136    2.150 ^ clkbuf_8_162_0_clk/X (sky130_fd_sc_hd__clkbuf_4)
            0.045    0.000    2.150 ^ clkbuf_9_325_0_clk/A (sky130_fd_sc_hd__clkbuf_4)
   0.006    0.037    0.122    2.272 ^ clkbuf_9_325_0_clk/X (sky130_fd_sc_hd__clkbuf_4)
            0.037    0.000    2.272 ^ clkbuf_10_650_0_clk/A (sky130_fd_sc_hd__clkbuf_4)
   0.016    0.062    0.143    2.415 ^ clkbuf_10_650_0_clk/X (sky130_fd_sc_hd__clkbuf_4)
            0.062    0.000    2.415 ^ clkbuf_opt_80_0_clk/A (sky130_fd_sc_hd__clkbuf_4)
   0.005    0.035    0.126    2.541 ^ clkbuf_opt_80_0_clk/X (sky130_fd_sc_hd__clkbuf_4)
            0.035    0.000    2.541 ^ clkbuf_opt_80_1_clk/A (sky130_fd_sc_hd__clkbuf_4)
   0.020    0.072    0.150    2.692 ^ clkbuf_opt_80_1_clk/X (sky130_fd_sc_hd__clkbuf_4)
            0.072    0.001    2.692 ^ clkbuf_leaf_2097_clk/A (sky130_fd_sc_hd__clkbuf_4)
   0.005    0.035    0.130    2.823 ^ clkbuf_leaf_2097_clk/X (sky130_fd_sc_hd__clkbuf_4)
            0.035    0.000    2.823 ^ g_requant[5].u_rq/_09983_/CLK (sky130_fd_sc_hd__dfrtp_1)
   0.010    0.073    0.390    3.213 v g_requant[5].u_rq/_09983_/Q (sky130_fd_sc_hd__dfrtp_1)
            0.073    0.000    3.213 v g_requant[5].u_rq/_05090_/B1 (sky130_fd_sc_hd__a21oi_1)
   0.006    0.176    0.171    3.384 ^ g_requant[5].u_rq/_05090_/Y (sky130_fd_sc_hd__a21oi_1)
            0.176    0.000    3.384 ^ g_requant[5].u_rq/_05092_/A2 (sky130_fd_sc_hd__o21ai_1)
   0.009    0.090    0.120    3.505 v g_requant[5].u_rq/_05092_/Y (sky130_fd_sc_hd__o21ai_1)
            0.090    0.000    3.505 v g_requant[5].u_rq/_05093_/C (sky130_fd_sc_hd__maj3_1)
   0.009    0.099    0.404    3.909 v g_requant[5].u_rq/_05093_/X (sky130_fd_sc_hd__maj3_1)
            0.099    0.000    3.909 v g_requant[5].u_rq/_05095_/C (sky130_fd_sc_hd__maj3_1)
   0.010    0.101    0.410    4.319 v g_requant[5].u_rq/_05095_/X (sky130_fd_sc_hd__maj3_1)
            0.101    0.000    4.319 v g_requant[5].u_rq/_05096_/C (sky130_fd_sc_hd__maj3_1)
   0.009    0.097    0.407    4.726 v g_requant[5].u_rq/_05096_/X (sky130_fd_sc_hd__maj3_1)
            0.097    0.000    4.726 v g_requant[5].u_rq/_05098_/C (sky130_fd_sc_hd__maj3_1)
   0.009    0.095    0.402    5.129 v g_requant[5].u_rq/_05098_/X (sky130_fd_sc_hd__maj3_1)
            0.095    0.000    5.129 v g_requant[5].u_rq/_05100_/C (sky130_fd_sc_hd__maj3_1)
   0.010    0.102    0.410    5.539 v g_requant[5].u_rq/_05100_/X (sky130_fd_sc_hd__maj3_1)
            0.102    0.000    5.539 v g_requant[5].u_rq/_05102_/C (sky130_fd_sc_hd__maj3_1)
   0.010    0.100    0.410    5.949 v g_requant[5].u_rq/_05102_/X (sky130_fd_sc_hd__maj3_1)
            0.100    0.000    5.949 v g_requant[5].u_rq/_05103_/C (sky130_fd_sc_hd__maj3_1)
   0.010    0.100    0.409    6.358 v g_requant[5].u_rq/_05103_/X (sky130_fd_sc_hd__maj3_1)
            0.100    0.000    6.358 v g_requant[5].u_rq/_05104_/C (sky130_fd_sc_hd__maj3_1)
   0.009    0.098    0.407    6.765 v g_requant[5].u_rq/_05104_/X (sky130_fd_sc_hd__maj3_1)
            0.098    0.000    6.765 v g_requant[5].u_rq/_05106_/C (sky130_fd_sc_hd__maj3_1)
   0.008    0.094    0.402    7.168 v g_requant[5].u_rq/_05106_/X (sky130_fd_sc_hd__maj3_1)
            0.094    0.000    7.168 v g_requant[5].u_rq/_05107_/C (sky130_fd_sc_hd__maj3_1)
   0.009    0.099    0.406    7.574 v g_requant[5].u_rq/_05107_/X (sky130_fd_sc_hd__maj3_1)
            0.099    0.000    7.574 v g_requant[5].u_rq/_05109_/C (sky130_fd_sc_hd__maj3_1)
   0.009    0.096    0.404    7.978 v g_requant[5].u_rq/_05109_/X (sky130_fd_sc_hd__maj3_1)
            0.096    0.000    7.978 v g_requant[5].u_rq/_05110_/C (sky130_fd_sc_hd__maj3_1)
   0.009    0.095    0.402    8.381 v g_requant[5].u_rq/_05110_/X (sky130_fd_sc_hd__maj3_1)
            0.095    0.000    8.381 v g_requant[5].u_rq/_05112_/C (sky130_fd_sc_hd__maj3_1)
   0.010    0.101    0.409    8.789 v g_requant[5].u_rq/_05112_/X (sky130_fd_sc_hd__maj3_1)
            0.101    0.000    8.790 v g_requant[5].u_rq/_05113_/C (sky130_fd_sc_hd__maj3_1)
   0.010    0.102    0.412    9.201 v g_requant[5].u_rq/_05113_/X (sky130_fd_sc_hd__maj3_1)
            0.102    0.000    9.201 v g_requant[5].u_rq/_05114_/C (sky130_fd_sc_hd__maj3_1)
   0.009    0.097    0.406    9.608 v g_requant[5].u_rq/_05114_/X (sky130_fd_sc_hd__maj3_1)
            0.097    0.000    9.608 v g_requant[5].u_rq/_05115_/C (sky130_fd_sc_hd__maj3_1)
   0.011    0.108    0.417   10.025 v g_requant[5].u_rq/_05115_/X (sky130_fd_sc_hd__maj3_1)
            0.108    0.000   10.025 v g_requant[5].u_rq/_05121_/A1 (sky130_fd_sc_hd__a211oi_1)
   0.008    0.327    0.331   10.356 ^ g_requant[5].u_rq/_05121_/Y (sky130_fd_sc_hd__a211oi_1)
            0.327    0.000   10.357 ^ g_requant[5].u_rq/_05123_/A3 (sky130_fd_sc_hd__o31ai_1)
   0.009    0.105    0.157   10.513 v g_requant[5].u_rq/_05123_/Y (sky130_fd_sc_hd__o31ai_1)
            0.105    0.000   10.513 v g_requant[5].u_rq/_05124_/C (sky130_fd_sc_hd__maj3_1)
   0.012    0.111    0.423   10.936 v g_requant[5].u_rq/_05124_/X (sky130_fd_sc_hd__maj3_1)
            0.111    0.000   10.936 v g_requant[5].u_rq/_05130_/A1 (sky130_fd_sc_hd__a211oi_1)
   0.007    0.296    0.309   11.245 ^ g_requant[5].u_rq/_05130_/Y (sky130_fd_sc_hd__a211oi_1)
            0.296    0.000   11.245 ^ g_requant[5].u_rq/_05132_/A3 (sky130_fd_sc_hd__o31ai_1)
   0.009    0.097    0.149   11.394 v g_requant[5].u_rq/_05132_/Y (sky130_fd_sc_hd__o31ai_1)
            0.097    0.000   11.395 v g_requant[5].u_rq/_05133_/C (sky130_fd_sc_hd__maj3_1)
   0.013    0.114    0.423   11.818 v g_requant[5].u_rq/_05133_/X (sky130_fd_sc_hd__maj3_1)
            0.114    0.000   11.818 v g_requant[5].u_rq/_05139_/A1 (sky130_fd_sc_hd__a211oi_2)
   0.013    0.288    0.306   12.124 ^ g_requant[5].u_rq/_05139_/Y (sky130_fd_sc_hd__a211oi_2)
            0.288    0.000   12.125 ^ g_requant[5].u_rq/_05148_/C (sky130_fd_sc_hd__nor4_2)
   0.018    0.096    0.134   12.259 v g_requant[5].u_rq/_05148_/Y (sky130_fd_sc_hd__nor4_2)
            0.096    0.001   12.260 v g_requant[5].u_rq/_05156_/A1 (sky130_fd_sc_hd__o2111ai_4)
   0.017    0.233    0.263   12.523 ^ g_requant[5].u_rq/_05156_/Y (sky130_fd_sc_hd__o2111ai_4)
            0.233    0.000   12.523 ^ g_requant[5].u_rq/_05158_/D (sky130_fd_sc_hd__nor4_2)
   0.016    0.078    0.104   12.627 v g_requant[5].u_rq/_05158_/Y (sky130_fd_sc_hd__nor4_2)
            0.078    0.000   12.627 v g_requant[5].u_rq/_05160_/D (sky130_fd_sc_hd__nand4_2)
   0.019    0.144    0.153   12.781 ^ g_requant[5].u_rq/_05160_/Y (sky130_fd_sc_hd__nand4_2)
            0.144    0.000   12.781 ^ g_requant[5].u_rq/_05162_/D (sky130_fd_sc_hd__nor4_2)
   0.012    0.056    0.079   12.860 v g_requant[5].u_rq/_05162_/Y (sky130_fd_sc_hd__nor4_2)
            0.056    0.000   12.860 v g_requant[5].u_rq/_05164_/D (sky130_fd_sc_hd__and4_1)
   0.017    0.095    0.259   13.119 v g_requant[5].u_rq/_05164_/X (sky130_fd_sc_hd__and4_1)
            0.095    0.000   13.119 v g_requant[5].u_rq/_05166_/D (sky130_fd_sc_hd__nand4_2)
   0.019    0.147    0.164   13.282 ^ g_requant[5].u_rq/_05166_/Y (sky130_fd_sc_hd__nand4_2)
            0.147    0.000   13.283 ^ g_requant[5].u_rq/_05167_/C (sky130_fd_sc_hd__nor3_1)
   0.007    0.063    0.087   13.369 v g_requant[5].u_rq/_05167_/Y (sky130_fd_sc_hd__nor3_1)
            0.063    0.000   13.369 v g_requant[5].u_rq/_05217_/A_N (sky130_fd_sc_hd__nand2b_1)
   0.010    0.086    0.184   13.553 v g_requant[5].u_rq/_05217_/Y (sky130_fd_sc_hd__nand2b_1)
            0.086    0.000   13.553 v g_requant[5].u_rq/_05267_/A3 (sky130_fd_sc_hd__mux4_1)
   0.008    0.114    0.531   14.084 v g_requant[5].u_rq/_05267_/X (sky130_fd_sc_hd__mux4_1)
            0.114    0.000   14.084 v g_requant[5].u_rq/_05328_/A1 (sky130_fd_sc_hd__mux2_1)
   0.013    0.103    0.376   14.460 v g_requant[5].u_rq/_05328_/X (sky130_fd_sc_hd__mux2_1)
            0.103    0.000   14.460 v g_requant[5].u_rq/_05526_/A1 (sky130_fd_sc_hd__mux4_1)
   0.009    0.120    0.575   15.035 v g_requant[5].u_rq/_05526_/X (sky130_fd_sc_hd__mux4_1)
            0.120    0.000   15.035 v g_requant[5].u_rq/_05673_/B (sky130_fd_sc_hd__or4_1)
   0.003    0.084    0.517   15.552 v g_requant[5].u_rq/_05673_/X (sky130_fd_sc_hd__or4_1)
            0.084    0.000   15.552 v g_requant[5].u_rq/_05674_/D (sky130_fd_sc_hd__nor4_1)
   0.005    0.290    0.233   15.785 ^ g_requant[5].u_rq/_05674_/Y (sky130_fd_sc_hd__nor4_1)
            0.290    0.000   15.785 ^ g_requant[5].u_rq/_05676_/C (sky130_fd_sc_hd__nand4_1)
   0.004    0.121    0.139   15.924 v g_requant[5].u_rq/_05676_/Y (sky130_fd_sc_hd__nand4_1)
            0.121    0.000   15.924 v g_requant[5].u_rq/_05681_/A (sky130_fd_sc_hd__nor4_1)
   0.007    0.378    0.416   16.340 ^ g_requant[5].u_rq/_05681_/Y (sky130_fd_sc_hd__nor4_1)
            0.378    0.000   16.341 ^ g_requant[5].u_rq/_05684_/C (sky130_fd_sc_hd__nand4b_2)
   0.018    0.184    0.231   16.571 v g_requant[5].u_rq/_05684_/Y (sky130_fd_sc_hd__nand4b_2)
            0.184    0.000   16.572 v g_requant[5].u_rq/_05750_/B1 (sky130_fd_sc_hd__a32oi_1)
   0.097    2.104    1.551   18.122 ^ g_requant[5].u_rq/_05750_/Y (sky130_fd_sc_hd__a32oi_1)
            2.106    0.047   18.169 ^ _1471_/A1 (sky130_fd_sc_hd__mux2i_1)
   0.061    0.861    1.035   19.204 v _1471_/Y (sky130_fd_sc_hd__mux2i_1)
            0.861    0.022   19.226 v _1473_/A2 (sky130_fd_sc_hd__o21ai_0)
   0.003    0.262    0.424   19.649 ^ _1473_/Y (sky130_fd_sc_hd__o21ai_0)
            0.262    0.000   19.649 ^ hold39736/A (sky130_fd_sc_hd__clkdlybuf4s15_1)
   0.003    0.042    0.233   19.882 ^ hold39736/X (sky130_fd_sc_hd__clkdlybuf4s15_1)
            0.042    0.000   19.882 ^ _2684_/D (sky130_fd_sc_hd__dfrtp_4)
                             19.882   data arrival time

                    20.000   20.000   clock clk (rise edge)
                     0.000   20.000   clock source latency
   0.072    0.000    0.000   20.000 ^ clk (in)
            0.010    0.005   20.005 ^ clkbuf_0_clk/A (sky130_fd_sc_hd__clkbuf_4)
   0.008    0.042    0.115   20.119 ^ clkbuf_0_clk/X (sky130_fd_sc_hd__clkbuf_4)
            0.042    0.000   20.120 ^ clkbuf_1_0_0_clk/A (sky130_fd_sc_hd__clkbuf_4)
   0.005    0.035    0.119   20.239 ^ clkbuf_1_0_0_clk/X (sky130_fd_sc_hd__clkbuf_4)
            0.035    0.000   20.239 ^ clkbuf_1_0_1_clk/A (sky130_fd_sc_hd__clkbuf_4)
   0.039    0.125    0.190   20.429 ^ clkbuf_1_0_1_clk/X (sky130_fd_sc_hd__clkbuf_4)
            0.125    0.002   20.431 ^ clkbuf_2_0_0_clk/A (sky130_fd_sc_hd__clkbuf_4)
   0.005    0.034    0.150   20.581 ^ clkbuf_2_0_0_clk/X (sky130_fd_sc_hd__clkbuf_4)
            0.034    0.000   20.581 ^ clkbuf_2_0_1_clk/A (sky130_fd_sc_hd__clkbuf_4)
   0.005    0.035    0.116   20.697 ^ clkbuf_2_0_1_clk/X (sky130_fd_sc_hd__clkbuf_4)
            0.035    0.000   20.697 ^ clkbuf_2_0_2_clk/A (sky130_fd_sc_hd__clkbuf_4)
   0.005    0.035    0.116   20.813 ^ clkbuf_2_0_2_clk/X (sky130_fd_sc_hd__clkbuf_4)
            0.035    0.000   20.813 ^ clkbuf_2_0_3_clk/A (sky130_fd_sc_hd__clkbuf_4)
   0.029    0.099    0.170   20.984 ^ clkbuf_2_0_3_clk/X (sky130_fd_sc_hd__clkbuf_4)
            0.099    0.001   20.985 ^ clkbuf_3_0_0_clk/A (sky130_fd_sc_hd__clkbuf_4)
   0.005    0.034    0.139   21.125 ^ clkbuf_3_0_0_clk/X (sky130_fd_sc_hd__clkbuf_4)
            0.034    0.000   21.125 ^ clkbuf_3_0_1_clk/A (sky130_fd_sc_hd__clkbuf_4)
   0.020    0.074    0.152   21.276 ^ clkbuf_3_0_1_clk/X (sky130_fd_sc_hd__clkbuf_4)
            0.074    0.001   21.277 ^ clkbuf_4_1_0_clk/A (sky130_fd_sc_hd__clkbuf_4)
   0.005    0.035    0.131   21.408 ^ clkbuf_4_1_0_clk/X (sky130_fd_sc_hd__clkbuf_4)
            0.035    0.000   21.408 ^ clkbuf_4_1_1_clk/A (sky130_fd_sc_hd__clkbuf_4)
   0.021    0.077    0.154   21.562 ^ clkbuf_4_1_1_clk/X (sky130_fd_sc_hd__clkbuf_4)
            0.077    0.001   21.563 ^ clkbuf_5_2_0_clk/A (sky130_fd_sc_hd__clkbuf_4)
   0.015    0.060    0.156   21.719 ^ clkbuf_5_2_0_clk/X (sky130_fd_sc_hd__clkbuf_4)
            0.060    0.000   21.719 ^ clkbuf_6_5_0_clk/A (sky130_fd_sc_hd__clkbuf_4)
   0.015    0.060    0.149   21.868 ^ clkbuf_6_5_0_clk/X (sky130_fd_sc_hd__clkbuf_4)
            0.060    0.000   21.869 ^ clkbuf_7_10_0_clk/A (sky130_fd_sc_hd__clkbuf_4)
   0.014    0.056    0.146   22.015 ^ clkbuf_7_10_0_clk/X (sky130_fd_sc_hd__clkbuf_4)
            0.056    0.000   22.015 ^ clkbuf_8_21_0_clk/A (sky130_fd_sc_hd__clkbuf_4)
   0.011    0.048    0.137   22.153 ^ clkbuf_8_21_0_clk/X (sky130_fd_sc_hd__clkbuf_4)
            0.048    0.000   22.153 ^ clkbuf_9_43_0_clk/A (sky130_fd_sc_hd__clkbuf_4)
   0.008    0.041    0.127   22.280 ^ clkbuf_9_43_0_clk/X (sky130_fd_sc_hd__clkbuf_4)
            0.041    0.000   22.280 ^ clkbuf_10_86_0_clk/A (sky130_fd_sc_hd__clkbuf_4)
   0.058    0.180    0.233   22.513 ^ clkbuf_10_86_0_clk/X (sky130_fd_sc_hd__clkbuf_4)
            0.180    0.001   22.514 ^ clkbuf_leaf_7706_clk/A (sky130_fd_sc_hd__clkbuf_4)
   0.005    0.037    0.168   22.682 ^ clkbuf_leaf_7706_clk/X (sky130_fd_sc_hd__clkbuf_4)
            0.037    0.000   22.682 ^ _2684_/CLK (sky130_fd_sc_hd__dfrtp_4)
                    -1.000   21.682   clock uncertainty
                     0.000   21.682   clock reconvergence pessimism
                    -0.064   21.618   library setup time
                             21.618   data required time
---------------------------------------------------------------------------
                             21.618   data required time
                            -19.882   data arrival time
---------------------------------------------------------------------------
                              1.737   slack (MET)


==REPORT wns==
worst slack 1.74
==REPORT tns==
tns 0.00
==REPORT hold==
worst slack 0.01
==REPORT power==
Group                  Internal  Switching    Leakage      Total
                          Power      Power      Power      Power
----------------------------------------------------------------
Sequential             3.75e-02   3.56e-03   1.39e-07   4.11e-02  19.5%
Combinational          9.13e-02   7.87e-02   6.26e-07   1.70e-01  80.5%
Macro                  0.00e+00   0.00e+00   0.00e+00   0.00e+00   0.0%
Pad                    0.00e+00   0.00e+00   0.00e+00   0.00e+00   0.0%
----------------------------------------------------------------
Total                  1.29e-01   8.22e-02   7.65e-07   2.11e-01 100.0%
                          61.0%      39.0%       0.0%
==REPORT area==
Design area 1879910 u^2 60% utilization.
==REPORT clock_skew==
Clock clk
Latency      CRPR       Skew
u_ctrl/_1684_/CLK ^
   3.02
u_ctrl/_1711_/CLK ^
   2.60      0.00       0.42

==REPORT end==
