==REPORT timing==
Startpoint: g_requant[5].u_rq/_09983_
            (rising edge-triggered flip-flop clocked by clk)
Endpoint: _2684_ (rising edge-triggered flip-flop clocked by clk)
Path Group: clk
Path Type: max

     Cap     Slew    Delay     Time   Description
---------------------------------------------------------------------------
                     0.000    0.000   clock clk (rise edge)
                     0.000    0.000   clock source latency
   0.072    0.000    0.000    0.000 ^ clk (in)
            0.010    0.005    0.005 ^ clkbuf_0_clk/A (sky130_fd_sc_hd__clkbuf_4)
   0.008    0.042    0.115    0.120 ^ clkbuf_0_clk/X (sky130_fd_sc_hd__clkbuf_4)
            0.042    0.000    0.120 ^ clkbuf_1_1_0_clk/A (sky130_fd_sc_hd__clkbuf_4)
   0.006    0.036    0.120    0.240 ^ clkbuf_1_1_0_clk/X (sky130_fd_sc_hd__clkbuf_4)
            0.036    0.000    0.240 ^ clkbuf_1_1_1_clk/A (sky130_fd_sc_hd__clkbuf_4)
   0.042    0.134    0.196    0.436 ^ clkbuf_1_1_1_clk/X (sky130_fd_sc_hd__clkbuf_4)
            0.134    0.002    0.439 ^ clkbuf_2_2_0_clk/A (sky130_fd_sc_hd__clkbuf_4)
   0.005    0.036    0.153    0.592 ^ clkbuf_2_2_0_clk/X (sky130_fd_sc_hd__clkbuf_4)
            0.036    0.000    0.592 ^ clkbuf_2_2_1_clk/A (sky130_fd_sc_hd__clkbuf_4)
   0.006    0.036    0.118    0.710 ^ clkbuf_2_2_1_clk/X (sky130_fd_sc_hd__clkbuf_4)
            0.036    0.000    0.711 ^ clkbuf_2_2_2_clk/A (sky130_fd_sc_hd__clkbuf_4)
   0.005    0.035    0.117    0.827 ^ clkbuf_2_2_2_clk/X (sky130_fd_sc_hd__clkbuf_4)
            0.035    0.000    0.827 ^ clkbuf_2_2_3_clk/A (sky130_fd_sc_hd__clkbuf_4)
   0.031    0.103    0.174    1.001 ^ clkbuf_2_2_3_clk/X (sky130_fd_sc_hd__clkbuf_4)
            0.103    0.001    1.002 ^ clkbuf_3_5_0_clk/A (sky130_fd_sc_hd__clkbuf_4)
   0.004    0.032    0.139    1.141 ^ clkbuf_3_5_0_clk/X (sky130_fd_sc_hd__clkbuf_4)
            0.032    0.000    1.142 ^ clkbuf_3_5_1_clk/A (sky130_fd_sc_hd__clkbuf_4)
   0.020    0.074    0.151    1.292 ^ clkbuf_3_5_1_clk/X (sky130_fd_sc_hd__clkbuf_4)
            0.074    0.001    1.293 ^ clkbuf_4_10_0_clk/A (sky130_fd_sc_hd__clkbuf_4)
   0.004    0.033    0.128    1.421 ^ clkbuf_4_10_0_clk/X (sky130_fd_sc_hd__clkbuf_4)
            0.033    0.000    1.421 ^ clkbuf_4_10_1_clk/A (sky130_fd_sc_hd__clkbuf_4)
   0.020    0.072    0.150    1.571 ^ clkbuf_4_10_1_clk/X (sky130_fd_sc_hd__clkbuf_4)
            0.072    0.001    1.572 ^ clkbuf_5_20_0_clk/A (sky130_fd_sc_hd__clkbuf_4)
   0.014    0.058    0.152    1.724 ^ clkbuf_5_20_0_clk/X (sky130_fd_sc_hd__clkbuf_4)
            0.058    0.000    1.724 ^ clkbuf_6_40_0_clk/A (sky130_fd_sc_hd__clkbuf_4)
   0.013    0.056    0.145    1.869 ^ clkbuf_6_40_0_clk/X (sky130_fd_sc_hd__clkbuf_4)
            0.056    0.000    1.870 ^ clkbuf_7_81_0_clk/A (sky130_fd_sc_hd__clkbuf_4)
   0.015    0.059    0.148    2.017 ^ clkbuf_7_81_0_clk/X (sky130_fd_sc_hd__clkbuf_4)
            0.059    0.000    2.018 ^ clkbuf_8_162_0_clk/A (sky130_fd_sc_hd__clkbuf_4)
   0.009    0.045    0.136    2.153 ^ clkbuf_8_162_0_clk/X (sky130_fd_sc_hd__clkbuf_4)
            0.045    0.000    2.153 ^ clkbuf_9_325_0_clk/A (sky130_fd_sc_hd__clkbuf_4)
   0.006    0.037    0.122    2.275 ^ clkbuf_9_325_0_clk/X (sky130_fd_sc_hd__clkbuf_4)
            0.037    0.000    2.275 ^ clkbuf_10_650_0_clk/A (sky130_fd_sc_hd__clkbuf_4)
   0.016    0.062    0.143    2.418 ^ clkbuf_10_650_0_clk/X (sky130_fd_sc_hd__clkbuf_4)
            0.062    0.000    2.418 ^ clkbuf_opt_80_0_clk/A (sky130_fd_sc_hd__clkbuf_4)
   0.005    0.035    0.126    2.544 ^ clkbuf_opt_80_0_clk/X (sky130_fd_sc_hd__clkbuf_4)
            0.035    0.000    2.544 ^ clkbuf_opt_80_1_clk/A (sky130_fd_sc_hd__clkbuf_4)
   0.020    0.072    0.150    2.695 ^ clkbuf_opt_80_1_clk/X (sky130_fd_sc_hd__clkbuf_4)
            0.072    0.001    2.695 ^ clkbuf_leaf_2097_clk/A (sky130_fd_sc_hd__clkbuf_4)
   0.005    0.035    0.130    2.826 ^ clkbuf_leaf_2097_clk/X (sky130_fd_sc_hd__clkbuf_4)
            0.035    0.000    2.826 ^ g_requant[5].u_rq/_09983_/CLK (sky130_fd_sc_hd__dfrtp_1)
   0.010    0.073    0.390    3.216 v g_requant[5].u_rq/_09983_/Q (sky130_fd_sc_hd__dfrtp_1)
            0.073    0.000    3.216 v g_requant[5].u_rq/_05090_/B1 (sky130_fd_sc_hd__a21oi_1)
   0.006    0.176    0.171    3.387 ^ g_requant[5].u_rq/_05090_/Y (sky130_fd_sc_hd__a21oi_1)
            0.176    0.000    3.387 ^ g_requant[5].u_rq/_05092_/A2 (sky130_fd_sc_hd__o21ai_1)
   0.009    0.090    0.120    3.508 v g_requant[5].u_rq/_05092_/Y (sky130_fd_sc_hd__o21ai_1)
            0.090    0.000    3.508 v g_requant[5].u_rq/_05093_/C (sky130_fd_sc_hd__maj3_1)
   0.009    0.099    0.404    3.912 v g_requant[5].u_rq/_05093_/X (sky130_fd_sc_hd__maj3_1)
            0.099    0.000    3.912 v g_requant[5].u_rq/_05095_/C (sky130_fd_sc_hd__maj3_1)
   0.010    0.101    0.410    4.322 v g_requant[5].u_rq/_05095_/X (sky130_fd_sc_hd__maj3_1)
            0.101    0.000    4.322 v g_requant[5].u_rq/_05096_/C (sky130_fd_sc_hd__maj3_1)
   0.009    0.097    0.407    4.729 v g_requant[5].u_rq/_05096_/X (sky130_fd_sc_hd__maj3_1)
            0.097    0.000    4.729 v g_requant[5].u_rq/_05098_/C (sky130_fd_sc_hd__maj3_1)
   0.009    0.095    0.402    5.132 v g_requant[5].u_rq/_05098_/X (sky130_fd_sc_hd__maj3_1)
            0.095    0.000    5.132 v g_requant[5].u_rq/_05100_/C (sky130_fd_sc_hd__maj3_1)
   0.010    0.099    0.407    5.539 v g_requant[5].u_rq/_05100_/X (sky130_fd_sc_hd__maj3_1)
            0.099    0.000    5.539 v g_requant[5].u_rq/_05102_/C (sky130_fd_sc_hd__maj3_1)
   0.010    0.100    0.409    5.948 v g_requant[5].u_rq/_05102_/X (sky130_fd_sc_hd__maj3_1)
            0.100    0.000    5.948 v g_requant[5].u_rq/_05103_/C (sky130_fd_sc_hd__maj3_1)
   0.010    0.100    0.409    6.357 v g_requant[5].u_rq/_05103_/X (sky130_fd_sc_hd__maj3_1)
            0.100    0.000    6.357 v g_requant[5].u_rq/_05104_/C (sky130_fd_sc_hd__maj3_1)
   0.009    0.098    0.407    6.764 v g_requant[5].u_rq/_05104_/X (sky130_fd_sc_hd__maj3_1)
            0.098    0.000    6.764 v g_requant[5].u_rq/_05106_/C (sky130_fd_sc_hd__maj3_1)
   0.008    0.094    0.402    7.167 v g_requant[5].u_rq/_05106_/X (sky130_fd_sc_hd__maj3_1)
            0.094    0.000    7.167 v g_requant[5].u_rq/_05107_/C (sky130_fd_sc_hd__maj3_1)
   0.009    0.099    0.406    7.573 v g_requant[5].u_rq/_05107_/X (sky130_fd_sc_hd__maj3_1)
            0.099    0.000    7.573 v g_requant[5].u_rq/_05109_/C (sky130_fd_sc_hd__maj3_1)
   0.009    0.096    0.404    7.977 v g_requant[5].u_rq/_05109_/X (sky130_fd_sc_hd__maj3_1)
            0.096    0.000    7.977 v g_requant[5].u_rq/_05110_/C (sky130_fd_sc_hd__maj3_1)
   0.009    0.095    0.402    8.380 v g_requant[5].u_rq/_05110_/X (sky130_fd_sc_hd__maj3_1)
            0.095    0.000    8.380 v g_requant[5].u_rq/_05112_/C (sky130_fd_sc_hd__maj3_1)
   0.010    0.101    0.409    8.788 v g_requant[5].u_rq/_05112_/X (sky130_fd_sc_hd__maj3_1)
            0.101    0.000    8.788 v g_requant[5].u_rq/_05113_/C (sky130_fd_sc_hd__maj3_1)
   0.010    0.102    0.412    9.200 v g_requant[5].u_rq/_05113_/X (sky130_fd_sc_hd__maj3_1)
            0.102    0.000    9.200 v g_requant[5].u_rq/_05114_/C (sky130_fd_sc_hd__maj3_1)
   0.009    0.097    0.406    9.607 v g_requant[5].u_rq/_05114_/X (sky130_fd_sc_hd__maj3_1)
            0.097    0.000    9.607 v g_requant[5].u_rq/_05115_/C (sky130_fd_sc_hd__maj3_1)
   0.011    0.108    0.417   10.024 v g_requant[5].u_rq/_05115_/X (sky130_fd_sc_hd__maj3_1)
            0.108    0.000   10.024 v g_requant[5].u_rq/_05121_/A1 (sky130_fd_sc_hd__a211oi_1)
   0.008    0.327    0.331   10.355 ^ g_requant[5].u_rq/_05121_/Y (sky130_fd_sc_hd__a211oi_1)
            0.327    0.000   10.355 ^ g_requant[5].u_rq/_05123_/A3 (sky130_fd_sc_hd__o31ai_1)
   0.009    0.105    0.157   10.512 v g_requant[5].u_rq/_05123_/Y (sky130_fd_sc_hd__o31ai_1)
            0.105    0.000   10.512 v g_requant[5].u_rq/_05124_/C (sky130_fd_sc_hd__maj3_1)
   0.012    0.111    0.423   10.935 v g_requant[5].u_rq/_05124_/X (sky130_fd_sc_hd__maj3_1)
            0.111    0.000   10.935 v g_requant[5].u_rq/_05130_/A1 (sky130_fd_sc_hd__a211oi_1)
   0.007    0.296    0.309   11.244 ^ g_requant[5].u_rq/_05130_/Y (sky130_fd_sc_hd__a211oi_1)
            0.296    0.000   11.244 ^ g_requant[5].u_rq/_05132_/A3 (sky130_fd_sc_hd__o31ai_1)
   0.009    0.097    0.149   11.393 v g_requant[5].u_rq/_05132_/Y (sky130_fd_sc_hd__o31ai_1)
            0.097    0.000   11.393 v g_requant[5].u_rq/_05133_/C (sky130_fd_sc_hd__maj3_1)
   0.013    0.114    0.423   11.817 v g_requant[5].u_rq/_05133_/X (sky130_fd_sc_hd__maj3_1)
            0.114    0.000   11.817 v g_requant[5].u_rq/_05139_/A1 (sky130_fd_sc_hd__a211oi_2)
   0.013    0.288    0.306   12.123 ^ g_requant[5].u_rq/_05139_/Y (sky130_fd_sc_hd__a211oi_2)
            0.288    0.000   12.124 ^ g_requant[5].u_rq/_05148_/C (sky130_fd_sc_hd__nor4_2)
   0.018    0.096    0.134   12.258 v g_requant[5].u_rq/_05148_/Y (sky130_fd_sc_hd__nor4_2)
            0.096    0.001   12.258 v g_requant[5].u_rq/_05156_/A1 (sky130_fd_sc_hd__o2111ai_4)
   0.017    0.233    0.263   12.522 ^ g_requant[5].u_rq/_05156_/Y (sky130_fd_sc_hd__o2111ai_4)
            0.233    0.000   12.522 ^ g_requant[5].u_rq/_05158_/D (sky130_fd_sc_hd__nor4_2)
   0.016    0.078    0.104   12.626 v g_requant[5].u_rq/_05158_/Y (sky130_fd_sc_hd__nor4_2)
            0.078    0.000   12.626 v g_requant[5].u_rq/_05160_/D (sky130_fd_sc_hd__nand4_2)
   0.019    0.144    0.153   12.780 ^ g_requant[5].u_rq/_05160_/Y (sky130_fd_sc_hd__nand4_2)
            0.144    0.000   12.780 ^ g_requant[5].u_rq/_05162_/D (sky130_fd_sc_hd__nor4_2)
   0.012    0.056    0.079   12.859 v g_requant[5].u_rq/_05162_/Y (sky130_fd_sc_hd__nor4_2)
            0.056    0.000   12.859 v g_requant[5].u_rq/_05164_/D (sky130_fd_sc_hd__and4_1)
   0.017    0.095    0.259   13.118 v g_requant[5].u_rq/_05164_/X (sky130_fd_sc_hd__and4_1)
            0.095    0.000   13.118 v g_requant[5].u_rq/_05166_/D (sky130_fd_sc_hd__nand4_2)
   0.019    0.147    0.164   13.281 ^ g_requant[5].u_rq/_05166_/Y (sky130_fd_sc_hd__nand4_2)
            0.147    0.000   13.282 ^ g_requant[5].u_rq/_05167_/C (sky130_fd_sc_hd__nor3_1)
   0.007    0.064    0.087   13.368 v g_requant[5].u_rq/_05167_/Y (sky130_fd_sc_hd__nor3_1)
            0.064    0.000   13.368 v g_requant[5].u_rq/_05217_/A_N (sky130_fd_sc_hd__nand2b_1)
   0.010    0.086    0.184   13.552 v g_requant[5].u_rq/_05217_/Y (sky130_fd_sc_hd__nand2b_1)
            0.086    0.000   13.553 v g_requant[5].u_rq/_05267_/A3 (sky130_fd_sc_hd__mux4_1)
   0.008    0.114    0.531   14.084 v g_requant[5].u_rq/_05267_/X (sky130_fd_sc_hd__mux4_1)
            0.114    0.000   14.084 v g_requant[5].u_rq/_05328_/A1 (sky130_fd_sc_hd__mux2_1)
   0.013    0.103    0.376   14.459 v g_requant[5].u_rq/_05328_/X (sky130_fd_sc_hd__mux2_1)
            0.103    0.000   14.460 v g_requant[5].u_rq/_05526_/A1 (sky130_fd_sc_hd__mux4_1)
   0.009    0.120    0.575   15.035 v g_requant[5].u_rq/_05526_/X (sky130_fd_sc_hd__mux4_1)
            0.120    0.000   15.035 v g_requant[5].u_rq/_05673_/B (sky130_fd_sc_hd__or4_1)
   0.003    0.084    0.517   15.551 v g_requant[5].u_rq/_05673_/X (sky130_fd_sc_hd__or4_1)
            0.084    0.000   15.551 v g_requant[5].u_rq/_05674_/D (sky130_fd_sc_hd__nor4_1)
   0.005    0.290    0.233   15.784 ^ g_requant[5].u_rq/_05674_/Y (sky130_fd_sc_hd__nor4_1)
            0.290    0.000   15.784 ^ g_requant[5].u_rq/_05676_/C (sky130_fd_sc_hd__nand4_1)
   0.004    0.121    0.139   15.923 v g_requant[5].u_rq/_05676_/Y (sky130_fd_sc_hd__nand4_1)
            0.121    0.000   15.923 v g_requant[5].u_rq/_05681_/A (sky130_fd_sc_hd__nor4_1)
   0.007    0.378    0.416   16.340 ^ g_requant[5].u_rq/_05681_/Y (sky130_fd_sc_hd__nor4_1)
            0.378    0.000   16.340 ^ g_requant[5].u_rq/_05684_/C (sky130_fd_sc_hd__nand4b_2)
   0.018    0.184    0.231   16.571 v g_requant[5].u_rq/_05684_/Y (sky130_fd_sc_hd__nand4b_2)
            0.184    0.000   16.571 v g_requant[5].u_rq/_05750_/B1 (sky130_fd_sc_hd__a32oi_1)
   0.097    2.104    1.551   18.122 ^ g_requant[5].u_rq/_05750_/Y (sky130_fd_sc_hd__a32oi_1)
            2.106    0.047   18.169 ^ _1471_/A1 (sky130_fd_sc_hd__mux2i_1)
   0.061    0.862    1.034   19.202 v _1471_/Y (sky130_fd_sc_hd__mux2i_1)
            0.863    0.022   19.224 v _1473_/A2 (sky130_fd_sc_hd__o21ai_0)
   0.003    0.264    0.427   19.651 ^ _1473_/Y (sky130_fd_sc_hd__o21ai_0)
            0.264    0.000   19.651 ^ hold38054/A (sky130_fd_sc_hd__clkdlybuf4s15_1)
   0.003    0.041    0.233   19.884 ^ hold38054/X (sky130_fd_sc_hd__clkdlybuf4s15_1)
            0.041    0.000   19.884 ^ _2684_/D (sky130_fd_sc_hd__dfrtp_4)
                             19.884   data arrival time

                    18.000   18.000   clock clk (rise edge)
                     0.000   18.000   clock source latency
   0.072    0.000    0.000   18.000 ^ clk (in)
            0.010    0.005   18.005 ^ clkbuf_0_clk/A (sky130_fd_sc_hd__clkbuf_4)
   0.008    0.042    0.115   18.120 ^ clkbuf_0_clk/X (sky130_fd_sc_hd__clkbuf_4)
            0.042    0.000   18.120 ^ clkbuf_1_0_0_clk/A (sky130_fd_sc_hd__clkbuf_4)
   0.005    0.035    0.119   18.239 ^ clkbuf_1_0_0_clk/X (sky130_fd_sc_hd__clkbuf_4)
            0.035    0.000   18.239 ^ clkbuf_1_0_1_clk/A (sky130_fd_sc_hd__clkbuf_4)
   0.039    0.125    0.190   18.429 ^ clkbuf_1_0_1_clk/X (sky130_fd_sc_hd__clkbuf_4)
            0.125    0.002   18.431 ^ clkbuf_2_0_0_clk/A (sky130_fd_sc_hd__clkbuf_4)
   0.005    0.035    0.150   18.581 ^ clkbuf_2_0_0_clk/X (sky130_fd_sc_hd__clkbuf_4)
            0.035    0.000   18.581 ^ clkbuf_2_0_1_clk/A (sky130_fd_sc_hd__clkbuf_4)
   0.005    0.035    0.116   18.697 ^ clkbuf_2_0_1_clk/X (sky130_fd_sc_hd__clkbuf_4)
            0.035    0.000   18.697 ^ clkbuf_2_0_2_clk/A (sky130_fd_sc_hd__clkbuf_4)
   0.004    0.032    0.113   18.810 ^ clkbuf_2_0_2_clk/X (sky130_fd_sc_hd__clkbuf_4)
            0.032    0.000   18.811 ^ clkbuf_2_0_3_clk/A (sky130_fd_sc_hd__clkbuf_4)
   0.029    0.098    0.169   18.980 ^ clkbuf_2_0_3_clk/X (sky130_fd_sc_hd__clkbuf_4)
            0.098    0.001   18.981 ^ clkbuf_3_0_0_clk/A (sky130_fd_sc_hd__clkbuf_4)
   0.005    0.034    0.139   19.120 ^ clkbuf_3_0_0_clk/X (sky130_fd_sc_hd__clkbuf_4)
            0.034    0.000   19.120 ^ clkbuf_3_0_1_clk/A (sky130_fd_sc_hd__clkbuf_4)
   0.020    0.074    0.152   19.272 ^ clkbuf_3_0_1_clk/X (sky130_fd_sc_hd__clkbuf_4)
            0.074    0.001   19.273 ^ clkbuf_4_1_0_clk/A (sky130_fd_sc_hd__clkbuf_4)
   0.005    0.035    0.131   19.404 ^ clkbuf_4_1_0_clk/X (sky130_fd_sc_hd__clkbuf_4)
            0.035    0.000   19.404 ^ clkbuf_4_1_1_clk/A (sky130_fd_sc_hd__clkbuf_4)
   0.021    0.076    0.154   19.557 ^ clkbuf_4_1_1_clk/X (sky130_fd_sc_hd__clkbuf_4)
            0.076    0.001   19.558 ^ clkbuf_5_2_0_clk/A (sky130_fd_sc_hd__clkbuf_4)
   0.015    0.061    0.156   19.715 ^ clkbuf_5_2_0_clk/X (sky130_fd_sc_hd__clkbuf_4)
            0.061    0.000   19.715 ^ clkbuf_6_5_0_clk/A (sky130_fd_sc_hd__clkbuf_4)
   0.015    0.059    0.149   19.864 ^ clkbuf_6_5_0_clk/X (sky130_fd_sc_hd__clkbuf_4)
            0.059    0.000   19.864 ^ clkbuf_7_10_0_clk/A (sky130_fd_sc_hd__clkbuf_4)
   0.011    0.049    0.139   20.004 ^ clkbuf_7_10_0_clk/X (sky130_fd_sc_hd__clkbuf_4)
            0.049    0.000   20.004 ^ clkbuf_8_21_0_clk/A (sky130_fd_sc_hd__clkbuf_4)
   0.011    0.048    0.135   20.139 ^ clkbuf_8_21_0_clk/X (sky130_fd_sc_hd__clkbuf_4)
            0.048    0.000   20.139 ^ clkbuf_9_43_0_clk/A (sky130_fd_sc_hd__clkbuf_4)
   0.006    0.038    0.124   20.264 ^ clkbuf_9_43_0_clk/X (sky130_fd_sc_hd__clkbuf_4)
            0.038    0.000   20.264 ^ clkbuf_10_86_0_clk/A (sky130_fd_sc_hd__clkbuf_4)
   0.058    0.177    0.229   20.493 ^ clkbuf_10_86_0_clk/X (sky130_fd_sc_hd__clkbuf_4)
            0.177    0.002   20.495 ^ clkbuf_leaf_7706_clk/A (sky130_fd_sc_hd__clkbuf_4)
   0.005    0.037    0.167   20.663 ^ clkbuf_leaf_7706_clk/X (sky130_fd_sc_hd__clkbuf_4)
            0.037    0.000   20.663 ^ _2684_/CLK (sky130_fd_sc_hd__dfrtp_4)
                    -0.900   19.763   clock uncertainty
                     0.000   19.763   clock reconvergence pessimism
                    -0.064   19.699   library setup time
                             19.699   data required time
---------------------------------------------------------------------------
                             19.699   data required time
                            -19.884   data arrival time
---------------------------------------------------------------------------
                             -0.185   slack (VIOLATED)


==REPORT wns==
worst slack -0.18
==REPORT tns==
tns -0.60
==REPORT hold==
worst slack 0.00
==REPORT power==
Group                  Internal  Switching    Leakage      Total
                          Power      Power      Power      Power
----------------------------------------------------------------
Sequential             4.17e-02   4.14e-03   1.39e-07   4.58e-02  20.0%
Combinational          9.73e-02   8.61e-02   6.06e-07   1.83e-01  80.0%
Macro                  0.00e+00   0.00e+00   0.00e+00   0.00e+00   0.0%
Pad                    0.00e+00   0.00e+00   0.00e+00   0.00e+00   0.0%
----------------------------------------------------------------
Total                  1.39e-01   9.02e-02   7.45e-07   2.29e-01 100.0%
                          60.6%      39.4%       0.0%
==REPORT area==
Design area 1827966 u^2 59% utilization.
==REPORT clock_skew==
Clock clk
Latency      CRPR       Skew
u_ctrl/_1684_/CLK ^
   3.01
u_ctrl/_1711_/CLK ^
   2.60      0.00       0.41

==REPORT end==
