==REPORT timing==
Startpoint: g_requant[5].u_rq/_09983_
            (rising edge-triggered flip-flop clocked by clk)
Endpoint: _2684_ (rising edge-triggered flip-flop clocked by clk)
Path Group: clk
Path Type: max

     Cap     Slew    Delay     Time   Description
---------------------------------------------------------------------------
                     0.000    0.000   clock clk (rise edge)
                     0.000    0.000   clock source latency
   0.072    0.000    0.000    0.000 ^ clk (in)
            0.010    0.005    0.005 ^ clkbuf_0_clk/A (sky130_fd_sc_hd__clkbuf_4)
   0.008    0.042    0.115    0.120 ^ clkbuf_0_clk/X (sky130_fd_sc_hd__clkbuf_4)
            0.042    0.000    0.120 ^ clkbuf_1_1_0_clk/A (sky130_fd_sc_hd__clkbuf_4)
   0.006    0.036    0.120    0.240 ^ clkbuf_1_1_0_clk/X (sky130_fd_sc_hd__clkbuf_4)
            0.036    0.000    0.240 ^ clkbuf_1_1_1_clk/A (sky130_fd_sc_hd__clkbuf_4)
   0.042    0.134    0.196    0.436 ^ clkbuf_1_1_1_clk/X (sky130_fd_sc_hd__clkbuf_4)
            0.134    0.002    0.439 ^ clkbuf_2_2_0_clk/A (sky130_fd_sc_hd__clkbuf_4)
   0.006    0.036    0.154    0.593 ^ clkbuf_2_2_0_clk/X (sky130_fd_sc_hd__clkbuf_4)
            0.036    0.000    0.593 ^ clkbuf_2_2_1_clk/A (sky130_fd_sc_hd__clkbuf_4)
   0.006    0.037    0.119    0.711 ^ clkbuf_2_2_1_clk/X (sky130_fd_sc_hd__clkbuf_4)
            0.037    0.000    0.712 ^ clkbuf_2_2_2_clk/A (sky130_fd_sc_hd__clkbuf_4)
   0.007    0.038    0.121    0.832 ^ clkbuf_2_2_2_clk/X (sky130_fd_sc_hd__clkbuf_4)
            0.038    0.000    0.832 ^ clkbuf_2_2_3_clk/A (sky130_fd_sc_hd__clkbuf_4)
   0.030    0.101    0.173    1.006 ^ clkbuf_2_2_3_clk/X (sky130_fd_sc_hd__clkbuf_4)
            0.101    0.001    1.007 ^ clkbuf_3_5_0_clk/A (sky130_fd_sc_hd__clkbuf_4)
   0.004    0.033    0.139    1.146 ^ clkbuf_3_5_0_clk/X (sky130_fd_sc_hd__clkbuf_4)
            0.033    0.000    1.146 ^ clkbuf_3_5_1_clk/A (sky130_fd_sc_hd__clkbuf_4)
   0.020    0.074    0.151    1.297 ^ clkbuf_3_5_1_clk/X (sky130_fd_sc_hd__clkbuf_4)
            0.074    0.001    1.298 ^ clkbuf_4_10_0_clk/A (sky130_fd_sc_hd__clkbuf_4)
   0.006    0.037    0.133    1.431 ^ clkbuf_4_10_0_clk/X (sky130_fd_sc_hd__clkbuf_4)
            0.037    0.000    1.431 ^ clkbuf_4_10_1_clk/A (sky130_fd_sc_hd__clkbuf_4)
   0.020    0.074    0.153    1.584 ^ clkbuf_4_10_1_clk/X (sky130_fd_sc_hd__clkbuf_4)
            0.074    0.001    1.585 ^ clkbuf_5_20_0_clk/A (sky130_fd_sc_hd__clkbuf_4)
   0.014    0.058    0.153    1.737 ^ clkbuf_5_20_0_clk/X (sky130_fd_sc_hd__clkbuf_4)
            0.058    0.000    1.738 ^ clkbuf_6_40_0_clk/A (sky130_fd_sc_hd__clkbuf_4)
   0.013    0.056    0.145    1.883 ^ clkbuf_6_40_0_clk/X (sky130_fd_sc_hd__clkbuf_4)
            0.056    0.000    1.883 ^ clkbuf_7_81_0_clk/A (sky130_fd_sc_hd__clkbuf_4)
   0.014    0.057    0.146    2.029 ^ clkbuf_7_81_0_clk/X (sky130_fd_sc_hd__clkbuf_4)
            0.057    0.000    2.029 ^ clkbuf_8_162_0_clk/A (sky130_fd_sc_hd__clkbuf_4)
   0.009    0.045    0.135    2.164 ^ clkbuf_8_162_0_clk/X (sky130_fd_sc_hd__clkbuf_4)
            0.045    0.000    2.164 ^ clkbuf_9_325_0_clk/A (sky130_fd_sc_hd__clkbuf_4)
   0.006    0.037    0.122    2.286 ^ clkbuf_9_325_0_clk/X (sky130_fd_sc_hd__clkbuf_4)
            0.037    0.000    2.286 ^ clkbuf_10_650_0_clk/A (sky130_fd_sc_hd__clkbuf_4)
   0.016    0.062    0.143    2.429 ^ clkbuf_10_650_0_clk/X (sky130_fd_sc_hd__clkbuf_4)
            0.062    0.000    2.429 ^ clkbuf_opt_80_0_clk/A (sky130_fd_sc_hd__clkbuf_4)
   0.005    0.035    0.126    2.555 ^ clkbuf_opt_80_0_clk/X (sky130_fd_sc_hd__clkbuf_4)
            0.035    0.000    2.555 ^ clkbuf_opt_80_1_clk/A (sky130_fd_sc_hd__clkbuf_4)
   0.020    0.072    0.151    2.706 ^ clkbuf_opt_80_1_clk/X (sky130_fd_sc_hd__clkbuf_4)
            0.072    0.001    2.706 ^ clkbuf_leaf_2097_clk/A (sky130_fd_sc_hd__clkbuf_4)
   0.005    0.036    0.131    2.837 ^ clkbuf_leaf_2097_clk/X (sky130_fd_sc_hd__clkbuf_4)
            0.036    0.000    2.837 ^ g_requant[5].u_rq/_09983_/CLK (sky130_fd_sc_hd__dfrtp_1)
   0.013    0.083    0.399    3.237 v g_requant[5].u_rq/_09983_/Q (sky130_fd_sc_hd__dfrtp_1)
            0.083    0.000    3.237 v g_requant[5].u_rq/_05090_/B1 (sky130_fd_sc_hd__a21oi_2)
   0.009    0.138    0.152    3.389 ^ g_requant[5].u_rq/_05090_/Y (sky130_fd_sc_hd__a21oi_2)
            0.138    0.000    3.389 ^ g_requant[5].u_rq/_05092_/A2 (sky130_fd_sc_hd__o21ai_2)
   0.010    0.060    0.087    3.476 v g_requant[5].u_rq/_05092_/Y (sky130_fd_sc_hd__o21ai_2)
            0.060    0.000    3.476 v g_requant[5].u_rq/_05093_/C (sky130_fd_sc_hd__maj3_2)
   0.008    0.066    0.325    3.801 v g_requant[5].u_rq/_05093_/X (sky130_fd_sc_hd__maj3_2)
            0.066    0.000    3.801 v g_requant[5].u_rq/_05095_/C (sky130_fd_sc_hd__maj3_2)
   0.010    0.076    0.339    4.140 v g_requant[5].u_rq/_05095_/X (sky130_fd_sc_hd__maj3_2)
            0.076    0.000    4.140 v g_requant[5].u_rq/_05096_/C (sky130_fd_sc_hd__maj3_2)
   0.010    0.074    0.339    4.479 v g_requant[5].u_rq/_05096_/X (sky130_fd_sc_hd__maj3_2)
            0.074    0.000    4.479 v g_requant[5].u_rq/_05098_/C (sky130_fd_sc_hd__maj3_2)
   0.010    0.074    0.338    4.817 v g_requant[5].u_rq/_05098_/X (sky130_fd_sc_hd__maj3_2)
            0.074    0.000    4.817 v g_requant[5].u_rq/_05100_/C (sky130_fd_sc_hd__maj3_2)
   0.010    0.075    0.340    5.157 v g_requant[5].u_rq/_05100_/X (sky130_fd_sc_hd__maj3_2)
            0.075    0.000    5.157 v g_requant[5].u_rq/_05102_/C (sky130_fd_sc_hd__maj3_2)
   0.011    0.078    0.344    5.501 v g_requant[5].u_rq/_05102_/X (sky130_fd_sc_hd__maj3_2)
            0.078    0.000    5.501 v g_requant[5].u_rq/_05103_/C (sky130_fd_sc_hd__maj3_2)
   0.010    0.075    0.341    5.842 v g_requant[5].u_rq/_05103_/X (sky130_fd_sc_hd__maj3_2)
            0.075    0.000    5.842 v g_requant[5].u_rq/_05104_/C (sky130_fd_sc_hd__maj3_2)
   0.010    0.074    0.339    6.181 v g_requant[5].u_rq/_05104_/X (sky130_fd_sc_hd__maj3_2)
            0.074    0.000    6.181 v g_requant[5].u_rq/_05106_/C (sky130_fd_sc_hd__maj3_2)
   0.009    0.071    0.335    6.516 v g_requant[5].u_rq/_05106_/X (sky130_fd_sc_hd__maj3_2)
            0.071    0.000    6.516 v g_requant[5].u_rq/_05107_/C (sky130_fd_sc_hd__maj3_2)
   0.010    0.074    0.338    6.855 v g_requant[5].u_rq/_05107_/X (sky130_fd_sc_hd__maj3_2)
            0.074    0.000    6.855 v g_requant[5].u_rq/_05109_/C (sky130_fd_sc_hd__maj3_2)
   0.009    0.072    0.336    7.191 v g_requant[5].u_rq/_05109_/X (sky130_fd_sc_hd__maj3_2)
            0.072    0.000    7.192 v g_requant[5].u_rq/_05110_/C (sky130_fd_sc_hd__maj3_2)
   0.009    0.071    0.335    7.527 v g_requant[5].u_rq/_05110_/X (sky130_fd_sc_hd__maj3_2)
            0.071    0.000    7.527 v g_requant[5].u_rq/_05112_/C (sky130_fd_sc_hd__maj3_2)
   0.010    0.075    0.340    7.866 v g_requant[5].u_rq/_05112_/X (sky130_fd_sc_hd__maj3_2)
            0.075    0.000    7.867 v g_requant[5].u_rq/_05113_/C (sky130_fd_sc_hd__maj3_2)
   0.011    0.077    0.343    8.209 v g_requant[5].u_rq/_05113_/X (sky130_fd_sc_hd__maj3_2)
            0.077    0.000    8.210 v g_requant[5].u_rq/_05114_/C (sky130_fd_sc_hd__maj3_2)
   0.010    0.072    0.338    8.548 v g_requant[5].u_rq/_05114_/X (sky130_fd_sc_hd__maj3_2)
            0.072    0.000    8.548 v g_requant[5].u_rq/_05115_/C (sky130_fd_sc_hd__maj3_2)
   0.013    0.083    0.351    8.899 v g_requant[5].u_rq/_05115_/X (sky130_fd_sc_hd__maj3_2)
            0.083    0.000    8.899 v g_requant[5].u_rq/_05121_/A1 (sky130_fd_sc_hd__a211oi_2)
   0.010    0.250    0.265    9.164 ^ g_requant[5].u_rq/_05121_/Y (sky130_fd_sc_hd__a211oi_2)
            0.250    0.000    9.164 ^ g_requant[5].u_rq/_05123_/A3 (sky130_fd_sc_hd__o31ai_2)
   0.010    0.078    0.114    9.278 v g_requant[5].u_rq/_05123_/Y (sky130_fd_sc_hd__o31ai_2)
            0.078    0.000    9.278 v g_requant[5].u_rq/_05124_/C (sky130_fd_sc_hd__maj3_2)
   0.014    0.084    0.355    9.633 v g_requant[5].u_rq/_05124_/X (sky130_fd_sc_hd__maj3_2)
            0.084    0.000    9.633 v g_requant[5].u_rq/_05130_/A1 (sky130_fd_sc_hd__a211oi_2)
   0.009    0.235    0.253    9.886 ^ g_requant[5].u_rq/_05130_/Y (sky130_fd_sc_hd__a211oi_2)
            0.235    0.000    9.887 ^ g_requant[5].u_rq/_05132_/A3 (sky130_fd_sc_hd__o31ai_2)
   0.009    0.071    0.108    9.995 v g_requant[5].u_rq/_05132_/Y (sky130_fd_sc_hd__o31ai_2)
            0.071    0.000    9.995 v g_requant[5].u_rq/_05133_/C (sky130_fd_sc_hd__maj3_2)
   0.016    0.090    0.359   10.354 v g_requant[5].u_rq/_05133_/X (sky130_fd_sc_hd__maj3_2)
            0.090    0.000   10.355 v g_requant[5].u_rq/_05139_/A1 (sky130_fd_sc_hd__a211oi_4)
   0.017    0.271    0.300   10.654 ^ g_requant[5].u_rq/_05139_/Y (sky130_fd_sc_hd__a211oi_4)
            0.271    0.000   10.655 ^ g_requant[5].u_rq/_05148_/C (sky130_fd_sc_hd__nor4_4)
   0.018    0.082    0.104   10.759 v g_requant[5].u_rq/_05148_/Y (sky130_fd_sc_hd__nor4_4)
            0.082    0.001   10.759 v g_requant[5].u_rq/_05156_/A1 (sky130_fd_sc_hd__o2111ai_4)
   0.022    0.264    0.283   11.043 ^ g_requant[5].u_rq/_05156_/Y (sky130_fd_sc_hd__o2111ai_4)
            0.264    0.001   11.043 ^ g_requant[5].u_rq/_05158_/D (sky130_fd_sc_hd__nor4_4)
   0.020    0.074    0.091   11.134 v g_requant[5].u_rq/_05158_/Y (sky130_fd_sc_hd__nor4_4)
            0.074    0.000   11.135 v g_requant[5].u_rq/_05160_/D (sky130_fd_sc_hd__nand4_4)
   0.029    0.138    0.150   11.285 ^ g_requant[5].u_rq/_05160_/Y (sky130_fd_sc_hd__nand4_4)
            0.138    0.000   11.285 ^ g_requant[5].u_rq/_05162_/D (sky130_fd_sc_hd__nor4_4)
   0.013    0.062    0.062   11.348 v g_requant[5].u_rq/_05162_/Y (sky130_fd_sc_hd__nor4_4)
            0.062    0.000   11.348 v g_requant[5].u_rq/_05164_/D (sky130_fd_sc_hd__and4_4)
   0.021    0.054    0.222   11.570 v g_requant[5].u_rq/_05164_/X (sky130_fd_sc_hd__and4_4)
            0.054    0.000   11.570 v g_requant[5].u_rq/_05166_/D (sky130_fd_sc_hd__nand4_4)
   0.027    0.132    0.136   11.706 ^ g_requant[5].u_rq/_05166_/Y (sky130_fd_sc_hd__nand4_4)
            0.132    0.001   11.707 ^ g_requant[5].u_rq/_05168_/D (sky130_fd_sc_hd__nor4_4)
   0.020    0.074    0.071   11.778 v g_requant[5].u_rq/_05168_/Y (sky130_fd_sc_hd__nor4_4)
            0.074    0.001   11.778 v g_requant[5].u_rq/_05171_/D (sky130_fd_sc_hd__nand4_2)
   0.018    0.139    0.148   11.926 ^ g_requant[5].u_rq/_05171_/Y (sky130_fd_sc_hd__nand4_2)
            0.139    0.000   11.927 ^ g_requant[5].u_rq/_05223_/A (sky130_fd_sc_hd__nand2_1)
   0.009    0.081    0.109   12.036 v g_requant[5].u_rq/_05223_/Y (sky130_fd_sc_hd__nand2_1)
            0.081    0.000   12.036 v g_requant[5].u_rq/_05268_/A3 (sky130_fd_sc_hd__mux4_1)
   0.008    0.113    0.526   12.561 v g_requant[5].u_rq/_05268_/X (sky130_fd_sc_hd__mux4_1)
            0.113    0.000   12.561 v g_requant[5].u_rq/_05269_/A1 (sky130_fd_sc_hd__mux2_1)
   0.009    0.084    0.354   12.915 v g_requant[5].u_rq/_05269_/X (sky130_fd_sc_hd__mux2_1)
            0.084    0.000   12.915 v g_requant[5].u_rq/_05321_/A1 (sky130_fd_sc_hd__mux2i_1)
   0.006    0.177    0.186   13.101 ^ g_requant[5].u_rq/_05321_/Y (sky130_fd_sc_hd__mux2i_1)
            0.177    0.000   13.101 ^ g_requant[5].u_rq/_05494_/A2 (sky130_fd_sc_hd__a21oi_1)
   0.011    0.130    0.141   13.243 v g_requant[5].u_rq/_05494_/Y (sky130_fd_sc_hd__a21oi_1)
            0.130    0.000   13.243 v g_requant[5].u_rq/_05673_/A (sky130_fd_sc_hd__or4_1)
   0.003    0.084    0.538   13.781 v g_requant[5].u_rq/_05673_/X (sky130_fd_sc_hd__or4_1)
            0.084    0.000   13.781 v g_requant[5].u_rq/_05674_/D (sky130_fd_sc_hd__nor4_1)
   0.005    0.290    0.233   14.014 ^ g_requant[5].u_rq/_05674_/Y (sky130_fd_sc_hd__nor4_1)
            0.290    0.000   14.014 ^ g_requant[5].u_rq/_05676_/C (sky130_fd_sc_hd__nand4_1)
   0.006    0.139    0.160   14.174 v g_requant[5].u_rq/_05676_/Y (sky130_fd_sc_hd__nand4_1)
            0.139    0.000   14.174 v g_requant[5].u_rq/_05681_/A (sky130_fd_sc_hd__nor4_2)
   0.007    0.274    0.357   14.531 ^ g_requant[5].u_rq/_05681_/Y (sky130_fd_sc_hd__nor4_2)
            0.274    0.000   14.531 ^ g_requant[5].u_rq/_05684_/C (sky130_fd_sc_hd__nand4b_2)
   0.018    0.184    0.215   14.746 v g_requant[5].u_rq/_05684_/Y (sky130_fd_sc_hd__nand4b_2)
            0.184    0.000   14.746 v g_requant[5].u_rq/_05750_/B1 (sky130_fd_sc_hd__a32oi_1)
   0.097    2.104    1.551   16.297 ^ g_requant[5].u_rq/_05750_/Y (sky130_fd_sc_hd__a32oi_1)
            2.106    0.047   16.344 ^ _1471_/A1 (sky130_fd_sc_hd__mux2i_1)
   0.062    0.868    1.040   17.384 v _1471_/Y (sky130_fd_sc_hd__mux2i_1)
            0.869    0.022   17.407 v _1473_/A2 (sky130_fd_sc_hd__o21ai_1)
   0.003    0.222    0.375   17.782 ^ _1473_/Y (sky130_fd_sc_hd__o21ai_1)
            0.222    0.000   17.782 ^ _2684_/D (sky130_fd_sc_hd__dfrtp_4)
                             17.782   data arrival time

                    12.000   12.000   clock clk (rise edge)
                     0.000   12.000   clock source latency
   0.072    0.000    0.000   12.000 ^ clk (in)
            0.010    0.005   12.005 ^ clkbuf_0_clk/A (sky130_fd_sc_hd__clkbuf_4)
   0.008    0.042    0.115   12.120 ^ clkbuf_0_clk/X (sky130_fd_sc_hd__clkbuf_4)
            0.042    0.000   12.120 ^ clkbuf_1_0_0_clk/A (sky130_fd_sc_hd__clkbuf_4)
   0.006    0.036    0.120   12.240 ^ clkbuf_1_0_0_clk/X (sky130_fd_sc_hd__clkbuf_4)
            0.036    0.000   12.240 ^ clkbuf_1_0_1_clk/A (sky130_fd_sc_hd__clkbuf_4)
   0.038    0.123    0.189   12.429 ^ clkbuf_1_0_1_clk/X (sky130_fd_sc_hd__clkbuf_4)
            0.123    0.002   12.431 ^ clkbuf_2_0_0_clk/A (sky130_fd_sc_hd__clkbuf_4)
   0.005    0.035    0.149   12.580 ^ clkbuf_2_0_0_clk/X (sky130_fd_sc_hd__clkbuf_4)
            0.035    0.000   12.580 ^ clkbuf_2_0_1_clk/A (sky130_fd_sc_hd__clkbuf_4)
   0.005    0.035    0.116   12.696 ^ clkbuf_2_0_1_clk/X (sky130_fd_sc_hd__clkbuf_4)
            0.035    0.000   12.696 ^ clkbuf_2_0_2_clk/A (sky130_fd_sc_hd__clkbuf_4)
   0.004    0.033    0.114   12.810 ^ clkbuf_2_0_2_clk/X (sky130_fd_sc_hd__clkbuf_4)
            0.033    0.000   12.810 ^ clkbuf_2_0_3_clk/A (sky130_fd_sc_hd__clkbuf_4)
   0.030    0.100    0.171   12.981 ^ clkbuf_2_0_3_clk/X (sky130_fd_sc_hd__clkbuf_4)
            0.100    0.001   12.982 ^ clkbuf_3_0_0_clk/A (sky130_fd_sc_hd__clkbuf_4)
   0.006    0.036    0.142   13.124 ^ clkbuf_3_0_0_clk/X (sky130_fd_sc_hd__clkbuf_4)
            0.036    0.000   13.124 ^ clkbuf_3_0_1_clk/A (sky130_fd_sc_hd__clkbuf_4)
   0.020    0.072    0.151   13.275 ^ clkbuf_3_0_1_clk/X (sky130_fd_sc_hd__clkbuf_4)
            0.072    0.001   13.276 ^ clkbuf_4_1_0_clk/A (sky130_fd_sc_hd__clkbuf_4)
   0.005    0.034    0.130   13.405 ^ clkbuf_4_1_0_clk/X (sky130_fd_sc_hd__clkbuf_4)
            0.034    0.000   13.405 ^ clkbuf_4_1_1_clk/A (sky130_fd_sc_hd__clkbuf_4)
   0.021    0.076    0.153   13.559 ^ clkbuf_4_1_1_clk/X (sky130_fd_sc_hd__clkbuf_4)
            0.076    0.001   13.559 ^ clkbuf_5_2_0_clk/A (sky130_fd_sc_hd__clkbuf_4)
   0.015    0.060    0.155   13.715 ^ clkbuf_5_2_0_clk/X (sky130_fd_sc_hd__clkbuf_4)
            0.060    0.000   13.715 ^ clkbuf_6_5_0_clk/A (sky130_fd_sc_hd__clkbuf_4)
   0.016    0.062    0.152   13.867 ^ clkbuf_6_5_0_clk/X (sky130_fd_sc_hd__clkbuf_4)
            0.062    0.001   13.868 ^ clkbuf_7_10_0_clk/A (sky130_fd_sc_hd__clkbuf_4)
   0.014    0.057    0.148   14.015 ^ clkbuf_7_10_0_clk/X (sky130_fd_sc_hd__clkbuf_4)
            0.057    0.000   14.016 ^ clkbuf_8_21_0_clk/A (sky130_fd_sc_hd__clkbuf_4)
   0.011    0.049    0.138   14.154 ^ clkbuf_8_21_0_clk/X (sky130_fd_sc_hd__clkbuf_4)
            0.049    0.000   14.154 ^ clkbuf_9_43_0_clk/A (sky130_fd_sc_hd__clkbuf_4)
   0.006    0.038    0.124   14.278 ^ clkbuf_9_43_0_clk/X (sky130_fd_sc_hd__clkbuf_4)
            0.038    0.000   14.279 ^ clkbuf_10_86_0_clk/A (sky130_fd_sc_hd__clkbuf_4)
   0.060    0.183    0.234   14.513 ^ clkbuf_10_86_0_clk/X (sky130_fd_sc_hd__clkbuf_4)
            0.183    0.001   14.514 ^ clkbuf_leaf_7706_clk/A (sky130_fd_sc_hd__clkbuf_4)
   0.005    0.037    0.169   14.683 ^ clkbuf_leaf_7706_clk/X (sky130_fd_sc_hd__clkbuf_4)
            0.037    0.000   14.683 ^ _2684_/CLK (sky130_fd_sc_hd__dfrtp_4)
                    -0.600   14.083   clock uncertainty
                     0.000   14.083   clock reconvergence pessimism
                    -0.106   13.977   library setup time
                             13.977   data required time
---------------------------------------------------------------------------
                             13.977   data required time
                            -17.782   data arrival time
---------------------------------------------------------------------------
                             -3.805   slack (VIOLATED)


==REPORT wns==
worst slack -3.81
==REPORT tns==
tns -1626.32
==REPORT hold==
worst slack -0.00
==REPORT power==
Group                  Internal  Switching    Leakage      Total
                          Power      Power      Power      Power
----------------------------------------------------------------
Sequential             6.25e-02   6.87e-03   1.39e-07   6.93e-02  21.8%
Combinational          1.26e-01   1.23e-01   4.81e-07   2.49e-01  78.3%
Macro                  0.00e+00   0.00e+00   0.00e+00   0.00e+00   0.0%
Pad                    0.00e+00   0.00e+00   0.00e+00   0.00e+00   0.0%
----------------------------------------------------------------
Total                  1.89e-01   1.30e-01   6.20e-07   3.19e-01 100.0%
                          59.2%      40.8%       0.0%
==REPORT area==
Design area 1542600 u^2 49% utilization.
==REPORT clock_skew==
Clock clk
Latency      CRPR       Skew
u_ctrl/_1684_/CLK ^
   3.02
u_ctrl/_1711_/CLK ^
   2.60      0.00       0.42

==REPORT end==
