==REPORT timing==
Startpoint: u_acc/_56599_ (rising edge-triggered flip-flop clocked by clk)
Endpoint: _2227_ (rising edge-triggered flip-flop clocked by clk)
Path Group: clk
Path Type: max

     Cap     Slew    Delay     Time   Description
---------------------------------------------------------------------------
                     0.000    0.000   clock clk (rise edge)
                     0.000    0.000   clock source latency
   0.074    0.000    0.000    0.000 ^ clk (in)
            0.011    0.005    0.005 ^ clkbuf_0_clk/A (sky130_fd_sc_hd__clkbuf_4)
   0.008    0.041    0.113    0.119 ^ clkbuf_0_clk/X (sky130_fd_sc_hd__clkbuf_4)
            0.041    0.000    0.119 ^ clkbuf_1_1_0_clk/A (sky130_fd_sc_hd__clkbuf_4)
   0.005    0.034    0.117    0.236 ^ clkbuf_1_1_0_clk/X (sky130_fd_sc_hd__clkbuf_4)
            0.034    0.000    0.236 ^ clkbuf_1_1_1_clk/A (sky130_fd_sc_hd__clkbuf_4)
   0.038    0.122    0.187    0.424 ^ clkbuf_1_1_1_clk/X (sky130_fd_sc_hd__clkbuf_4)
            0.122    0.002    0.426 ^ clkbuf_2_2_0_clk/A (sky130_fd_sc_hd__clkbuf_4)
   0.006    0.037    0.151    0.577 ^ clkbuf_2_2_0_clk/X (sky130_fd_sc_hd__clkbuf_4)
            0.037    0.000    0.577 ^ clkbuf_2_2_1_clk/A (sky130_fd_sc_hd__clkbuf_4)
   0.006    0.038    0.120    0.697 ^ clkbuf_2_2_1_clk/X (sky130_fd_sc_hd__clkbuf_4)
            0.038    0.000    0.697 ^ clkbuf_2_2_2_clk/A (sky130_fd_sc_hd__clkbuf_4)
   0.005    0.034    0.116    0.813 ^ clkbuf_2_2_2_clk/X (sky130_fd_sc_hd__clkbuf_4)
            0.034    0.000    0.813 ^ clkbuf_2_2_3_clk/A (sky130_fd_sc_hd__clkbuf_4)
   0.030    0.101    0.172    0.985 ^ clkbuf_2_2_3_clk/X (sky130_fd_sc_hd__clkbuf_4)
            0.101    0.001    0.986 ^ clkbuf_3_4_0_clk/A (sky130_fd_sc_hd__clkbuf_4)
   0.005    0.035    0.141    1.127 ^ clkbuf_3_4_0_clk/X (sky130_fd_sc_hd__clkbuf_4)
            0.035    0.000    1.127 ^ clkbuf_3_4_1_clk/A (sky130_fd_sc_hd__clkbuf_4)
   0.021    0.076    0.154    1.280 ^ clkbuf_3_4_1_clk/X (sky130_fd_sc_hd__clkbuf_4)
            0.076    0.001    1.281 ^ clkbuf_4_8_0_clk/A (sky130_fd_sc_hd__clkbuf_4)
   0.006    0.036    0.132    1.414 ^ clkbuf_4_8_0_clk/X (sky130_fd_sc_hd__clkbuf_4)
            0.036    0.000    1.414 ^ clkbuf_4_8_1_clk/A (sky130_fd_sc_hd__clkbuf_4)
   0.016    0.063    0.144    1.558 ^ clkbuf_4_8_1_clk/X (sky130_fd_sc_hd__clkbuf_4)
            0.063    0.000    1.558 ^ clkbuf_5_17_0_clk/A (sky130_fd_sc_hd__clkbuf_4)
   0.015    0.059    0.150    1.708 ^ clkbuf_5_17_0_clk/X (sky130_fd_sc_hd__clkbuf_4)
            0.059    0.000    1.709 ^ clkbuf_6_34_0_clk/A (sky130_fd_sc_hd__clkbuf_4)
   0.015    0.060    0.149    1.858 ^ clkbuf_6_34_0_clk/X (sky130_fd_sc_hd__clkbuf_4)
            0.060    0.000    1.858 ^ clkbuf_7_69_0_clk/A (sky130_fd_sc_hd__clkbuf_4)
   0.014    0.057    0.147    2.005 ^ clkbuf_7_69_0_clk/X (sky130_fd_sc_hd__clkbuf_4)
            0.057    0.000    2.006 ^ clkbuf_8_139_0_clk/A (sky130_fd_sc_hd__clkbuf_4)
   0.008    0.042    0.132    2.137 ^ clkbuf_8_139_0_clk/X (sky130_fd_sc_hd__clkbuf_4)
            0.042    0.000    2.138 ^ clkbuf_9_279_0_clk/A (sky130_fd_sc_hd__clkbuf_4)
   0.007    0.040    0.124    2.262 ^ clkbuf_9_279_0_clk/X (sky130_fd_sc_hd__clkbuf_4)
            0.040    0.000    2.262 ^ clkbuf_10_559_0_clk/A (sky130_fd_sc_hd__clkbuf_4)
   0.031    0.102    0.175    2.437 ^ clkbuf_10_559_0_clk/X (sky130_fd_sc_hd__clkbuf_4)
            0.102    0.000    2.438 ^ clkbuf_leaf_2711_clk/A (sky130_fd_sc_hd__clkbuf_4)
   0.005    0.035    0.142    2.579 ^ clkbuf_leaf_2711_clk/X (sky130_fd_sc_hd__clkbuf_4)
            0.035    0.000    2.579 ^ u_acc/_56599_/CLK (sky130_fd_sc_hd__dfrtp_1)
   0.098    0.836    0.877    3.457 ^ u_acc/_56599_/Q (sky130_fd_sc_hd__dfrtp_1)
            0.837    0.008    3.464 ^ g_requant[5].u_rq/_6902_/B1_N (sky130_fd_sc_hd__a21boi_4)
   0.167    1.111    1.026    4.491 ^ g_requant[5].u_rq/_6902_/Y (sky130_fd_sc_hd__a21boi_4)
            1.111    0.010    4.500 ^ g_requant[5].u_rq/_8544_/B (sky130_fd_sc_hd__nand2_1)
   0.009    0.385    0.228    4.728 v g_requant[5].u_rq/_8544_/Y (sky130_fd_sc_hd__nand2_1)
            0.385    0.000    4.728 v g_requant[5].u_rq/_8547_/B (sky130_fd_sc_hd__maj3_1)
   0.010    0.102    0.508    5.237 v g_requant[5].u_rq/_8547_/X (sky130_fd_sc_hd__maj3_1)
            0.102    0.000    5.237 v g_requant[5].u_rq/_8570_/B (sky130_fd_sc_hd__xor3_1)
   0.010    0.106    0.416    5.653 v g_requant[5].u_rq/_8570_/X (sky130_fd_sc_hd__xor3_1)
            0.106    0.000    5.653 v g_requant[5].u_rq/_8596_/B (sky130_fd_sc_hd__xor3_1)
   0.009    0.098    0.408    6.061 v g_requant[5].u_rq/_8596_/X (sky130_fd_sc_hd__xor3_1)
            0.098    0.000    6.061 v g_requant[5].u_rq/_8598_/B (sky130_fd_sc_hd__xnor2_1)
   0.012    0.287    0.279    6.340 ^ g_requant[5].u_rq/_8598_/Y (sky130_fd_sc_hd__xnor2_1)
            0.287    0.000    6.340 ^ g_requant[5].u_rq/_8616_/A (sky130_fd_sc_hd__xnor3_1)
   0.007    0.089    0.480    6.820 v g_requant[5].u_rq/_8616_/X (sky130_fd_sc_hd__xnor3_1)
            0.089    0.000    6.820 v g_requant[5].u_rq/_8634_/B (sky130_fd_sc_hd__xnor2_1)
   0.008    0.222    0.221    7.041 ^ g_requant[5].u_rq/_8634_/Y (sky130_fd_sc_hd__xnor2_1)
            0.222    0.000    7.041 ^ g_requant[5].u_rq/_8658_/B (sky130_fd_sc_hd__xor2_1)
   0.009    0.101    0.136    7.177 v g_requant[5].u_rq/_8658_/X (sky130_fd_sc_hd__xor2_1)
            0.101    0.000    7.177 v g_requant[5].u_rq/_8659_/A2 (sky130_fd_sc_hd__o21ai_1)
   0.011    0.230    0.233    7.410 ^ g_requant[5].u_rq/_8659_/Y (sky130_fd_sc_hd__o21ai_1)
            0.230    0.000    7.410 ^ g_requant[5].u_rq/_8661_/C (sky130_fd_sc_hd__maj3_1)
   0.010    0.111    0.262    7.673 ^ g_requant[5].u_rq/_8661_/X (sky130_fd_sc_hd__maj3_1)
            0.111    0.000    7.673 ^ g_requant[5].u_rq/_8663_/C (sky130_fd_sc_hd__maj3_1)
   0.009    0.105    0.220    7.893 ^ g_requant[5].u_rq/_8663_/X (sky130_fd_sc_hd__maj3_1)
            0.105    0.000    7.893 ^ g_requant[5].u_rq/_8664_/C (sky130_fd_sc_hd__maj3_1)
   0.010    0.109    0.222    8.115 ^ g_requant[5].u_rq/_8664_/X (sky130_fd_sc_hd__maj3_1)
            0.109    0.000    8.115 ^ g_requant[5].u_rq/_8666_/C (sky130_fd_sc_hd__maj3_1)
   0.011    0.119    0.230    8.345 ^ g_requant[5].u_rq/_8666_/X (sky130_fd_sc_hd__maj3_1)
            0.119    0.000    8.345 ^ g_requant[5].u_rq/_8668_/A1 (sky130_fd_sc_hd__a21oi_1)
   0.009    0.095    0.113    8.458 v g_requant[5].u_rq/_8668_/Y (sky130_fd_sc_hd__a21oi_1)
            0.095    0.000    8.458 v g_requant[5].u_rq/_8670_/C (sky130_fd_sc_hd__maj3_1)
   0.009    0.098    0.405    8.863 v g_requant[5].u_rq/_8670_/X (sky130_fd_sc_hd__maj3_1)
            0.098    0.000    8.863 v g_requant[5].u_rq/_8672_/A1 (sky130_fd_sc_hd__o21ai_1)
   0.009    0.207    0.228    9.091 ^ g_requant[5].u_rq/_8672_/Y (sky130_fd_sc_hd__o21ai_1)
            0.207    0.000    9.091 ^ g_requant[5].u_rq/_8674_/A1 (sky130_fd_sc_hd__a21oi_1)
   0.010    0.103    0.140    9.231 v g_requant[5].u_rq/_8674_/Y (sky130_fd_sc_hd__a21oi_1)
            0.103    0.000    9.231 v g_requant[5].u_rq/_8676_/A1 (sky130_fd_sc_hd__o21ai_1)
   0.009    0.203    0.222    9.453 ^ g_requant[5].u_rq/_8676_/Y (sky130_fd_sc_hd__o21ai_1)
            0.203    0.000    9.453 ^ g_requant[5].u_rq/_8678_/A1 (sky130_fd_sc_hd__a21oi_1)
   0.011    0.110    0.146    9.599 v g_requant[5].u_rq/_8678_/Y (sky130_fd_sc_hd__a21oi_1)
            0.110    0.000    9.600 v g_requant[5].u_rq/_8679_/A2 (sky130_fd_sc_hd__o21ai_1)
   0.014    0.295    0.285    9.885 ^ g_requant[5].u_rq/_8679_/Y (sky130_fd_sc_hd__o21ai_1)
            0.295    0.000    9.886 ^ g_requant[5].u_rq/_8680_/A2 (sky130_fd_sc_hd__a21oi_2)
   0.014    0.089    0.136   10.021 v g_requant[5].u_rq/_8680_/Y (sky130_fd_sc_hd__a21oi_2)
            0.089    0.000   10.022 v g_requant[5].u_rq/_8683_/A3 (sky130_fd_sc_hd__o31ai_2)
   0.016    0.372    0.344   10.366 ^ g_requant[5].u_rq/_8683_/Y (sky130_fd_sc_hd__o31ai_2)
            0.372    0.000   10.367 ^ g_requant[5].u_rq/_8778_/A1 (sky130_fd_sc_hd__a31oi_2)
   0.014    0.156    0.206   10.573 v g_requant[5].u_rq/_8778_/Y (sky130_fd_sc_hd__a31oi_2)
            0.156    0.000   10.573 v g_requant[5].u_rq/_8808_/A1 (sky130_fd_sc_hd__o21ai_1)
   0.015    0.304    0.321   10.894 ^ g_requant[5].u_rq/_8808_/Y (sky130_fd_sc_hd__o21ai_1)
            0.304    0.001   10.894 ^ g_requant[5].u_rq/_8813_/B (sky130_fd_sc_hd__nand3_1)
   0.010    0.152    0.189   11.083 v g_requant[5].u_rq/_8813_/Y (sky130_fd_sc_hd__nand3_1)
            0.152    0.000   11.083 v g_requant[5].u_rq/_8818_/B1 (sky130_fd_sc_hd__a221oi_1)
   0.009    0.383    0.400   11.483 ^ g_requant[5].u_rq/_8818_/Y (sky130_fd_sc_hd__a221oi_1)
            0.383    0.000   11.483 ^ g_requant[5].u_rq/_8819_/A2 (sky130_fd_sc_hd__o21ai_1)
   0.008    0.105    0.150   11.632 v g_requant[5].u_rq/_8819_/Y (sky130_fd_sc_hd__o21ai_1)
            0.105    0.000   11.633 v g_requant[5].u_rq/_8820_/A2 (sky130_fd_sc_hd__a21oi_1)
   0.013    0.304    0.305   11.937 ^ g_requant[5].u_rq/_8820_/Y (sky130_fd_sc_hd__a21oi_1)
            0.304    0.000   11.938 ^ g_requant[5].u_rq/_8822_/A3 (sky130_fd_sc_hd__o311a_1)
   0.010    0.117    0.242   12.179 ^ g_requant[5].u_rq/_8822_/X (sky130_fd_sc_hd__o311a_1)
            0.117    0.000   12.179 ^ g_requant[5].u_rq/_8823_/A2 (sky130_fd_sc_hd__o21a_1)
   0.012    0.119    0.178   12.358 ^ g_requant[5].u_rq/_8823_/X (sky130_fd_sc_hd__o21a_1)
            0.119    0.000   12.358 ^ g_requant[5].u_rq/_8825_/A2 (sky130_fd_sc_hd__o21ai_2)
   0.015    0.099    0.097   12.455 v g_requant[5].u_rq/_8825_/Y (sky130_fd_sc_hd__o21ai_2)
            0.099    0.000   12.455 v g_requant[5].u_rq/_8827_/A3 (sky130_fd_sc_hd__a311oi_4)
   0.013    0.285    0.362   12.817 ^ g_requant[5].u_rq/_8827_/Y (sky130_fd_sc_hd__a311oi_4)
            0.285    0.000   12.818 ^ g_requant[5].u_rq/_8830_/A2 (sky130_fd_sc_hd__o311ai_2)
   0.010    0.137    0.171   12.988 v g_requant[5].u_rq/_8830_/Y (sky130_fd_sc_hd__o311ai_2)
            0.137    0.000   12.989 v g_requant[5].u_rq/_8834_/A1 (sky130_fd_sc_hd__a211oi_1)
   0.008    0.308    0.328   13.316 ^ g_requant[5].u_rq/_8834_/Y (sky130_fd_sc_hd__a211oi_1)
            0.308    0.000   13.316 ^ g_requant[5].u_rq/_8835_/A2 (sky130_fd_sc_hd__o21ai_1)
   0.007    0.090    0.136   13.452 v g_requant[5].u_rq/_8835_/Y (sky130_fd_sc_hd__o21ai_1)
            0.090    0.000   13.452 v g_requant[5].u_rq/_8836_/A2 (sky130_fd_sc_hd__a21oi_1)
   0.011    0.251    0.265   13.717 ^ g_requant[5].u_rq/_8836_/Y (sky130_fd_sc_hd__a21oi_1)
            0.251    0.000   13.717 ^ g_requant[5].u_rq/_8838_/A2 (sky130_fd_sc_hd__o21bai_2)
   0.013    0.085    0.125   13.842 v g_requant[5].u_rq/_8838_/Y (sky130_fd_sc_hd__o21bai_2)
            0.085    0.000   13.842 v g_requant[5].u_rq/_8840_/A2 (sky130_fd_sc_hd__a2111oi_2)
   0.011    0.435    0.500   14.343 ^ g_requant[5].u_rq/_8840_/Y (sky130_fd_sc_hd__a2111oi_2)
            0.435    0.000   14.343 ^ g_requant[5].u_rq/_8846_/A1 (sky130_fd_sc_hd__o31ai_2)
   0.014    0.124    0.187   14.530 v g_requant[5].u_rq/_8846_/Y (sky130_fd_sc_hd__o31ai_2)
            0.124    0.000   14.531 v g_requant[5].u_rq/_9221_/A2 (sky130_fd_sc_hd__a21o_1)
   0.008    0.055    0.227   14.758 v g_requant[5].u_rq/_9221_/X (sky130_fd_sc_hd__a21o_1)
            0.055    0.000   14.758 v g_requant[5].u_rq/_9226_/A2 (sky130_fd_sc_hd__a21oi_1)
   0.010    0.243    0.246   15.003 ^ g_requant[5].u_rq/_9226_/Y (sky130_fd_sc_hd__a21oi_1)
            0.243    0.000   15.003 ^ g_requant[5].u_rq/_9229_/A2 (sky130_fd_sc_hd__o21a_1)
   0.010    0.108    0.194   15.197 ^ g_requant[5].u_rq/_9229_/X (sky130_fd_sc_hd__o21a_1)
            0.108    0.000   15.197 ^ g_requant[5].u_rq/_9234_/A2 (sky130_fd_sc_hd__o21ai_2)
   0.013    0.074    0.090   15.287 v g_requant[5].u_rq/_9234_/Y (sky130_fd_sc_hd__o21ai_2)
            0.074    0.000   15.288 v g_requant[5].u_rq/_9236_/A2 (sky130_fd_sc_hd__a21oi_2)
   0.020    0.257    0.264   15.552 ^ g_requant[5].u_rq/_9236_/Y (sky130_fd_sc_hd__a21oi_2)
            0.257    0.000   15.552 ^ g_requant[5].u_rq/_9242_/C (sky130_fd_sc_hd__or3_1)
   0.014    0.135    0.218   15.770 ^ g_requant[5].u_rq/_9242_/X (sky130_fd_sc_hd__or3_1)
            0.135    0.000   15.770 ^ g_requant[5].u_rq/_9243_/A3 (sky130_fd_sc_hd__a31oi_2)
   0.009    0.108    0.129   15.899 v g_requant[5].u_rq/_9243_/Y (sky130_fd_sc_hd__a31oi_2)
            0.108    0.000   15.899 v g_requant[5].u_rq/_9264_/A2 (sky130_fd_sc_hd__mux4_1)
   0.010    0.125    0.568   16.467 v g_requant[5].u_rq/_9264_/X (sky130_fd_sc_hd__mux4_1)
            0.125    0.000   16.467 v g_requant[5].u_rq/_9347_/A1 (sky130_fd_sc_hd__mux2i_1)
   0.007    0.192    0.212   16.679 ^ g_requant[5].u_rq/_9347_/Y (sky130_fd_sc_hd__mux2i_1)
            0.192    0.000   16.679 ^ g_requant[5].u_rq/_9428_/A2 (sky130_fd_sc_hd__a21oi_1)
   0.004    0.070    0.104   16.783 v g_requant[5].u_rq/_9428_/Y (sky130_fd_sc_hd__a21oi_1)
            0.070    0.000   16.783 v g_requant[5].u_rq/_9596_/A (sky130_fd_sc_hd__or4b_1)
   0.003    0.088    0.526   17.309 v g_requant[5].u_rq/_9596_/X (sky130_fd_sc_hd__or4b_1)
            0.088    0.000   17.309 v g_requant[5].u_rq/_9600_/B (sky130_fd_sc_hd__or4b_1)
   0.005    0.097    0.529   17.838 v g_requant[5].u_rq/_9600_/X (sky130_fd_sc_hd__or4b_1)
            0.097    0.000   17.838 v g_requant[5].u_rq/_9601_/A4 (sky130_fd_sc_hd__o41a_2)
   0.021    0.111    0.457   18.295 v g_requant[5].u_rq/_9601_/X (sky130_fd_sc_hd__o41a_2)
            0.111    0.001   18.296 v g_requant[5].u_rq/_9686_/B1 (sky130_fd_sc_hd__a21o_1)
   0.080    0.354    0.422   18.718 v g_requant[5].u_rq/_9686_/X (sky130_fd_sc_hd__a21o_1)
            0.360    0.037   18.754 v _1499_/A1 (sky130_fd_sc_hd__mux2i_1)
   0.087    1.821    1.481   20.235 ^ _1499_/Y (sky130_fd_sc_hd__mux2i_1)
            1.822    0.043   20.278 ^ _1501_/A2 (sky130_fd_sc_hd__o21ai_0)
   0.003    0.236    0.191   20.469 v _1501_/Y (sky130_fd_sc_hd__o21ai_0)
            0.236    0.000   20.469 v hold38823/A (sky130_fd_sc_hd__dlygate4sd3_1)
   0.004    0.060    0.643   21.112 v hold38823/X (sky130_fd_sc_hd__dlygate4sd3_1)
            0.060    0.000   21.112 v hold38824/A (sky130_fd_sc_hd__clkdlybuf4s15_1)
   0.003    0.037    0.189   21.300 v hold38824/X (sky130_fd_sc_hd__clkdlybuf4s15_1)
            0.037    0.000   21.300 v _2227_/D (sky130_fd_sc_hd__dfrtp_4)
                             21.300   data arrival time

                    25.000   25.000   clock clk (rise edge)
                     0.000   25.000   clock source latency
   0.074    0.000    0.000   25.000 ^ clk (in)
            0.011    0.005   25.005 ^ clkbuf_0_clk/A (sky130_fd_sc_hd__clkbuf_4)
   0.008    0.041    0.113   25.119 ^ clkbuf_0_clk/X (sky130_fd_sc_hd__clkbuf_4)
            0.041    0.000   25.119 ^ clkbuf_1_0_0_clk/A (sky130_fd_sc_hd__clkbuf_4)
   0.005    0.035    0.119   25.238 ^ clkbuf_1_0_0_clk/X (sky130_fd_sc_hd__clkbuf_4)
            0.035    0.000   25.238 ^ clkbuf_1_0_1_clk/A (sky130_fd_sc_hd__clkbuf_4)
   0.039    0.127    0.191   25.428 ^ clkbuf_1_0_1_clk/X (sky130_fd_sc_hd__clkbuf_4)
            0.127    0.002   25.431 ^ clkbuf_2_0_0_clk/A (sky130_fd_sc_hd__clkbuf_4)
   0.006    0.037    0.153   25.583 ^ clkbuf_2_0_0_clk/X (sky130_fd_sc_hd__clkbuf_4)
            0.037    0.000   25.584 ^ clkbuf_2_0_1_clk/A (sky130_fd_sc_hd__clkbuf_4)
   0.005    0.035    0.117   25.701 ^ clkbuf_2_0_1_clk/X (sky130_fd_sc_hd__clkbuf_4)
            0.035    0.000   25.701 ^ clkbuf_2_0_2_clk/A (sky130_fd_sc_hd__clkbuf_4)
   0.005    0.035    0.117   25.818 ^ clkbuf_2_0_2_clk/X (sky130_fd_sc_hd__clkbuf_4)
            0.035    0.000   25.818 ^ clkbuf_2_0_3_clk/A (sky130_fd_sc_hd__clkbuf_4)
   0.027    0.094    0.167   25.984 ^ clkbuf_2_0_3_clk/X (sky130_fd_sc_hd__clkbuf_4)
            0.094    0.001   25.986 ^ clkbuf_3_0_0_clk/A (sky130_fd_sc_hd__clkbuf_4)
   0.005    0.034    0.138   26.123 ^ clkbuf_3_0_0_clk/X (sky130_fd_sc_hd__clkbuf_4)
            0.034    0.000   26.123 ^ clkbuf_3_0_1_clk/A (sky130_fd_sc_hd__clkbuf_4)
   0.022    0.079    0.156   26.279 ^ clkbuf_3_0_1_clk/X (sky130_fd_sc_hd__clkbuf_4)
            0.079    0.001   26.280 ^ clkbuf_4_1_0_clk/A (sky130_fd_sc_hd__clkbuf_4)
   0.005    0.033    0.131   26.411 ^ clkbuf_4_1_0_clk/X (sky130_fd_sc_hd__clkbuf_4)
            0.033    0.000   26.411 ^ clkbuf_4_1_1_clk/A (sky130_fd_sc_hd__clkbuf_4)
   0.019    0.070    0.149   26.559 ^ clkbuf_4_1_1_clk/X (sky130_fd_sc_hd__clkbuf_4)
            0.070    0.001   26.560 ^ clkbuf_5_2_0_clk/A (sky130_fd_sc_hd__clkbuf_4)
   0.015    0.061    0.154   26.714 ^ clkbuf_5_2_0_clk/X (sky130_fd_sc_hd__clkbuf_4)
            0.061    0.000   26.714 ^ clkbuf_6_5_0_clk/A (sky130_fd_sc_hd__clkbuf_4)
   0.017    0.064    0.154   26.868 ^ clkbuf_6_5_0_clk/X (sky130_fd_sc_hd__clkbuf_4)
            0.064    0.001   26.869 ^ clkbuf_7_10_0_clk/A (sky130_fd_sc_hd__clkbuf_4)
   0.013    0.054    0.146   27.014 ^ clkbuf_7_10_0_clk/X (sky130_fd_sc_hd__clkbuf_4)
            0.054    0.000   27.015 ^ clkbuf_8_20_0_clk/A (sky130_fd_sc_hd__clkbuf_4)
   0.011    0.049    0.137   27.152 ^ clkbuf_8_20_0_clk/X (sky130_fd_sc_hd__clkbuf_4)
            0.049    0.000   27.152 ^ clkbuf_9_40_0_clk/A (sky130_fd_sc_hd__clkbuf_4)
   0.006    0.037    0.124   27.276 ^ clkbuf_9_40_0_clk/X (sky130_fd_sc_hd__clkbuf_4)
            0.037    0.000   27.276 ^ clkbuf_10_81_0_clk/A (sky130_fd_sc_hd__clkbuf_4)
   0.056    0.173    0.227   27.502 ^ clkbuf_10_81_0_clk/X (sky130_fd_sc_hd__clkbuf_4)
            0.173    0.001   27.503 ^ clkbuf_leaf_7388_clk/A (sky130_fd_sc_hd__clkbuf_4)
   0.007    0.040    0.170   27.673 ^ clkbuf_leaf_7388_clk/X (sky130_fd_sc_hd__clkbuf_4)
            0.040    0.000   27.673 ^ _2227_/CLK (sky130_fd_sc_hd__dfrtp_4)
                    -1.250   26.423   clock uncertainty
                     0.000   26.423   clock reconvergence pessimism
                    -0.112   26.311   library setup time
                             26.311   data required time
---------------------------------------------------------------------------
                             26.311   data required time
                            -21.300   data arrival time
---------------------------------------------------------------------------
                              5.011   slack (MET)


==REPORT wns==
worst slack 5.01
==REPORT tns==
tns 0.00
==REPORT hold==
worst slack 0.00
==REPORT power==
Group                  Internal  Switching    Leakage      Total
                          Power      Power      Power      Power
----------------------------------------------------------------
Sequential             2.78e-02   1.58e-03   1.32e-07   2.94e-02  19.1%
Combinational          6.38e-02   6.09e-02   5.96e-07   1.25e-01  81.0%
Macro                  0.00e+00   0.00e+00   0.00e+00   0.00e+00   0.0%
Pad                    0.00e+00   0.00e+00   0.00e+00   0.00e+00   0.0%
----------------------------------------------------------------
Total                  9.16e-02   6.25e-02   7.28e-07   1.54e-01 100.0%
                          59.5%      40.5%       0.0%
==REPORT area==
Design area 1795119 u^2 59% utilization.
==REPORT clock_skew==
Clock clk
Latency      CRPR       Skew
u_wbuf/_4665_/CLK ^
   2.88
u_array/u_skew_w/_448_/CLK ^
   2.60      0.00       0.28

==REPORT end==
