==REPORT timing==
Startpoint: u_acc/_25127_ (rising edge-triggered flip-flop clocked by clk)
Endpoint: _1442_ (rising edge-triggered flip-flop clocked by clk)
Path Group: clk
Path Type: max

     Cap     Slew    Delay     Time   Description
---------------------------------------------------------------------------
                     0.000    0.000   clock clk (rise edge)
                     0.000    0.000   clock source latency
   0.051    0.000    0.000    0.000 ^ clk (in)
            0.005    0.003    0.003 ^ clkbuf_0_clk/A (sky130_fd_sc_hd__clkbuf_4)
   0.057    0.174    0.216    0.219 ^ clkbuf_0_clk/X (sky130_fd_sc_hd__clkbuf_4)
            0.174    0.001    0.220 ^ clkbuf_2_3_0_clk/A (sky130_fd_sc_hd__clkbuf_4)
   0.006    0.038    0.168    0.388 ^ clkbuf_2_3_0_clk/X (sky130_fd_sc_hd__clkbuf_4)
            0.038    0.000    0.388 ^ clkbuf_2_3_1_clk/A (sky130_fd_sc_hd__clkbuf_4)
   0.005    0.035    0.118    0.506 ^ clkbuf_2_3_1_clk/X (sky130_fd_sc_hd__clkbuf_4)
            0.035    0.000    0.506 ^ clkbuf_2_3_2_clk/A (sky130_fd_sc_hd__clkbuf_4)
   0.022    0.080    0.156    0.662 ^ clkbuf_2_3_2_clk/X (sky130_fd_sc_hd__clkbuf_4)
            0.080    0.001    0.663 ^ clkbuf_3_6_0_clk/A (sky130_fd_sc_hd__clkbuf_4)
   0.006    0.036    0.134    0.797 ^ clkbuf_3_6_0_clk/X (sky130_fd_sc_hd__clkbuf_4)
            0.036    0.000    0.797 ^ clkbuf_3_6_1_clk/A (sky130_fd_sc_hd__clkbuf_4)
   0.016    0.063    0.144    0.941 ^ clkbuf_3_6_1_clk/X (sky130_fd_sc_hd__clkbuf_4)
            0.063    0.000    0.942 ^ clkbuf_4_12_0_clk/A (sky130_fd_sc_hd__clkbuf_4)
   0.005    0.034    0.126    1.068 ^ clkbuf_4_12_0_clk/X (sky130_fd_sc_hd__clkbuf_4)
            0.034    0.000    1.068 ^ clkbuf_4_12_1_clk/A (sky130_fd_sc_hd__clkbuf_4)
   0.015    0.060    0.140    1.208 ^ clkbuf_4_12_1_clk/X (sky130_fd_sc_hd__clkbuf_4)
            0.060    0.000    1.209 ^ clkbuf_5_25_0_clk/A (sky130_fd_sc_hd__clkbuf_4)
   0.014    0.058    0.148    1.357 ^ clkbuf_5_25_0_clk/X (sky130_fd_sc_hd__clkbuf_4)
            0.058    0.000    1.357 ^ clkbuf_6_51_0_clk/A (sky130_fd_sc_hd__clkbuf_4)
   0.011    0.049    0.139    1.496 ^ clkbuf_6_51_0_clk/X (sky130_fd_sc_hd__clkbuf_4)
            0.049    0.000    1.497 ^ clkbuf_7_102_0_clk/A (sky130_fd_sc_hd__clkbuf_4)
   0.009    0.045    0.132    1.629 ^ clkbuf_7_102_0_clk/X (sky130_fd_sc_hd__clkbuf_4)
            0.045    0.000    1.629 ^ clkbuf_8_205_0_clk/A (sky130_fd_sc_hd__clkbuf_4)
   0.064    0.197    0.246    1.875 ^ clkbuf_8_205_0_clk/X (sky130_fd_sc_hd__clkbuf_4)
            0.197    0.001    1.876 ^ clkbuf_leaf_2204_clk/A (sky130_fd_sc_hd__clkbuf_4)
   0.007    0.041    0.177    2.053 ^ clkbuf_leaf_2204_clk/X (sky130_fd_sc_hd__clkbuf_4)
            0.041    0.000    2.053 ^ u_acc/_25127_/CLK (sky130_fd_sc_hd__dfrtp_4)
   0.130    0.218    0.620    2.673 v u_acc/_25127_/Q (sky130_fd_sc_hd__dfrtp_4)
            0.225    0.031    2.704 v g_requant[3].u_rq/_6775_/A2 (sky130_fd_sc_hd__a21boi_4)
   0.149    0.994    0.852    3.556 ^ g_requant[3].u_rq/_6775_/Y (sky130_fd_sc_hd__a21boi_4)
            0.995    0.034    3.590 ^ g_requant[3].u_rq/_8383_/B (sky130_fd_sc_hd__nand2_1)
   0.010    0.319    0.225    3.815 v g_requant[3].u_rq/_8383_/Y (sky130_fd_sc_hd__nand2_1)
            0.319    0.000    3.815 v g_requant[3].u_rq/_8386_/B (sky130_fd_sc_hd__maj3_1)
   0.009    0.098    0.475    4.290 v g_requant[3].u_rq/_8386_/X (sky130_fd_sc_hd__maj3_1)
            0.098    0.000    4.290 v g_requant[3].u_rq/_8407_/B (sky130_fd_sc_hd__xor3_1)
   0.009    0.102    0.409    4.699 v g_requant[3].u_rq/_8407_/X (sky130_fd_sc_hd__xor3_1)
            0.102    0.000    4.699 v g_requant[3].u_rq/_8440_/B (sky130_fd_sc_hd__xnor3_1)
   0.010    0.100    0.395    5.094 v g_requant[3].u_rq/_8440_/X (sky130_fd_sc_hd__xnor3_1)
            0.100    0.000    5.095 v g_requant[3].u_rq/_8442_/B (sky130_fd_sc_hd__xnor2_1)
   0.010    0.099    0.180    5.275 v g_requant[3].u_rq/_8442_/Y (sky130_fd_sc_hd__xnor2_1)
            0.099    0.000    5.275 v g_requant[3].u_rq/_8467_/A (sky130_fd_sc_hd__xnor2_1)
   0.012    0.300    0.307    5.582 ^ g_requant[3].u_rq/_8467_/Y (sky130_fd_sc_hd__xnor2_1)
            0.300    0.000    5.582 ^ g_requant[3].u_rq/_8490_/C (sky130_fd_sc_hd__xnor3_1)
   0.008    0.094    0.304    5.887 v g_requant[3].u_rq/_8490_/X (sky130_fd_sc_hd__xnor3_1)
            0.094    0.000    5.887 v g_requant[3].u_rq/_8531_/B (sky130_fd_sc_hd__xor2_1)
   0.008    0.208    0.212    6.098 ^ g_requant[3].u_rq/_8531_/X (sky130_fd_sc_hd__xor2_1)
            0.208    0.000    6.099 ^ g_requant[3].u_rq/_8532_/A2 (sky130_fd_sc_hd__a21oi_1)
   0.008    0.089    0.134    6.233 v g_requant[3].u_rq/_8532_/Y (sky130_fd_sc_hd__a21oi_1)
            0.089    0.000    6.233 v g_requant[3].u_rq/_8534_/A1 (sky130_fd_sc_hd__o21ai_1)
   0.009    0.202    0.220    6.453 ^ g_requant[3].u_rq/_8534_/Y (sky130_fd_sc_hd__o21ai_1)
            0.202    0.000    6.453 ^ g_requant[3].u_rq/_8535_/A2 (sky130_fd_sc_hd__a21oi_1)
   0.010    0.107    0.139    6.592 v g_requant[3].u_rq/_8535_/Y (sky130_fd_sc_hd__a21oi_1)
            0.107    0.000    6.592 v g_requant[3].u_rq/_8537_/A1 (sky130_fd_sc_hd__o21ai_1)
   0.009    0.209    0.232    6.825 ^ g_requant[3].u_rq/_8537_/Y (sky130_fd_sc_hd__o21ai_1)
            0.209    0.000    6.825 ^ g_requant[3].u_rq/_8540_/A1 (sky130_fd_sc_hd__a21oi_1)
   0.009    0.103    0.140    6.965 v g_requant[3].u_rq/_8540_/Y (sky130_fd_sc_hd__a21oi_1)
            0.103    0.000    6.965 v g_requant[3].u_rq/_8542_/A1 (sky130_fd_sc_hd__o21ai_1)
   0.010    0.220    0.239    7.204 ^ g_requant[3].u_rq/_8542_/Y (sky130_fd_sc_hd__o21ai_1)
            0.220    0.000    7.204 ^ g_requant[3].u_rq/_8544_/A1 (sky130_fd_sc_hd__a21oi_1)
   0.008    0.098    0.135    7.339 v g_requant[3].u_rq/_8544_/Y (sky130_fd_sc_hd__a21oi_1)
            0.098    0.000    7.339 v g_requant[3].u_rq/_8547_/A1 (sky130_fd_sc_hd__o21ai_1)
   0.009    0.199    0.221    7.560 ^ g_requant[3].u_rq/_8547_/Y (sky130_fd_sc_hd__o21ai_1)
            0.199    0.000    7.560 ^ g_requant[3].u_rq/_8549_/A1 (sky130_fd_sc_hd__a21oi_1)
   0.008    0.093    0.128    7.688 v g_requant[3].u_rq/_8549_/Y (sky130_fd_sc_hd__a21oi_1)
            0.093    0.000    7.688 v g_requant[3].u_rq/_8551_/A1 (sky130_fd_sc_hd__o21a_1)
   0.012    0.074    0.239    7.927 v g_requant[3].u_rq/_8551_/X (sky130_fd_sc_hd__o21a_1)
            0.074    0.000    7.927 v g_requant[3].u_rq/_8557_/A2 (sky130_fd_sc_hd__o31ai_1)
   0.010    0.372    0.374    8.302 ^ g_requant[3].u_rq/_8557_/Y (sky130_fd_sc_hd__o31ai_1)
            0.372    0.000    8.302 ^ g_requant[3].u_rq/_8559_/C (sky130_fd_sc_hd__maj3_1)
   0.008    0.098    0.286    8.587 ^ g_requant[3].u_rq/_8559_/X (sky130_fd_sc_hd__maj3_1)
            0.098    0.000    8.588 ^ g_requant[3].u_rq/_8560_/A2 (sky130_fd_sc_hd__a21oi_1)
   0.011    0.110    0.117    8.705 v g_requant[3].u_rq/_8560_/Y (sky130_fd_sc_hd__a21oi_1)
            0.110    0.000    8.705 v g_requant[3].u_rq/_8568_/A2 (sky130_fd_sc_hd__o31ai_1)
   0.010    0.389    0.401    9.106 ^ g_requant[3].u_rq/_8568_/Y (sky130_fd_sc_hd__o31ai_1)
            0.389    0.000    9.106 ^ g_requant[3].u_rq/_8570_/A1 (sky130_fd_sc_hd__a21oi_1)
   0.009    0.131    0.171    9.277 v g_requant[3].u_rq/_8570_/Y (sky130_fd_sc_hd__a21oi_1)
            0.131    0.000    9.277 v g_requant[3].u_rq/_8571_/A2 (sky130_fd_sc_hd__o21ai_1)
   0.015    0.302    0.300    9.577 ^ g_requant[3].u_rq/_8571_/Y (sky130_fd_sc_hd__o21ai_1)
            0.302    0.000    9.577 ^ g_requant[3].u_rq/_8588_/A1 (sky130_fd_sc_hd__a31oi_1)
   0.009    0.136    0.181    9.758 v g_requant[3].u_rq/_8588_/Y (sky130_fd_sc_hd__a31oi_1)
            0.136    0.000    9.758 v g_requant[3].u_rq/_8591_/A1 (sky130_fd_sc_hd__o21ai_1)
   0.014    0.296    0.307   10.066 ^ g_requant[3].u_rq/_8591_/Y (sky130_fd_sc_hd__o21ai_1)
            0.296    0.001   10.066 ^ g_requant[3].u_rq/_8592_/A2 (sky130_fd_sc_hd__a21oi_2)
   0.013    0.099    0.133   10.199 v g_requant[3].u_rq/_8592_/Y (sky130_fd_sc_hd__a21oi_2)
            0.099    0.000   10.199 v g_requant[3].u_rq/_8649_/A1 (sky130_fd_sc_hd__o31ai_2)
   0.015    0.363    0.401   10.600 ^ g_requant[3].u_rq/_8649_/Y (sky130_fd_sc_hd__o31ai_2)
            0.363    0.001   10.601 ^ g_requant[3].u_rq/_8664_/A1 (sky130_fd_sc_hd__a31o_1)
   0.009    0.098    0.236   10.837 ^ g_requant[3].u_rq/_8664_/X (sky130_fd_sc_hd__a31o_1)
            0.098    0.000   10.837 ^ g_requant[3].u_rq/_8665_/A2 (sky130_fd_sc_hd__a21o_1)
   0.009    0.089    0.159   10.996 ^ g_requant[3].u_rq/_8665_/X (sky130_fd_sc_hd__a21o_1)
            0.089    0.000   10.996 ^ g_requant[3].u_rq/_8667_/A1 (sky130_fd_sc_hd__a21oi_1)
   0.010    0.103    0.109   11.105 v g_requant[3].u_rq/_8667_/Y (sky130_fd_sc_hd__a21oi_1)
            0.103    0.000   11.105 v g_requant[3].u_rq/_8668_/A2 (sky130_fd_sc_hd__o21ai_1)
   0.010    0.226    0.231   11.336 ^ g_requant[3].u_rq/_8668_/Y (sky130_fd_sc_hd__o21ai_1)
            0.226    0.000   11.336 ^ g_requant[3].u_rq/_8669_/A2 (sky130_fd_sc_hd__a21oi_1)
   0.008    0.099    0.139   11.476 v g_requant[3].u_rq/_8669_/Y (sky130_fd_sc_hd__a21oi_1)
            0.099    0.000   11.476 v g_requant[3].u_rq/_8670_/A2 (sky130_fd_sc_hd__o21ai_1)
   0.012    0.255    0.251   11.727 ^ g_requant[3].u_rq/_8670_/Y (sky130_fd_sc_hd__o21ai_1)
            0.255    0.000   11.728 ^ g_requant[3].u_rq/_8671_/A2 (sky130_fd_sc_hd__a21oi_1)
   0.011    0.115    0.165   11.893 v g_requant[3].u_rq/_8671_/Y (sky130_fd_sc_hd__a21oi_1)
            0.115    0.000   11.893 v g_requant[3].u_rq/_8673_/A3 (sky130_fd_sc_hd__o31ai_1)
   0.009    0.362    0.349   12.242 ^ g_requant[3].u_rq/_8673_/Y (sky130_fd_sc_hd__o31ai_1)
            0.362    0.000   12.243 ^ g_requant[3].u_rq/_8674_/A2 (sky130_fd_sc_hd__a21oi_1)
   0.008    0.108    0.165   12.408 v g_requant[3].u_rq/_8674_/Y (sky130_fd_sc_hd__a21oi_1)
            0.108    0.000   12.408 v g_requant[3].u_rq/_8675_/A2 (sky130_fd_sc_hd__o21ai_1)
   0.011    0.240    0.244   12.652 ^ g_requant[3].u_rq/_8675_/Y (sky130_fd_sc_hd__o21ai_1)
            0.240    0.000   12.652 ^ g_requant[3].u_rq/_8676_/C (sky130_fd_sc_hd__nand3b_1)
   0.010    0.129    0.162   12.814 v g_requant[3].u_rq/_8676_/Y (sky130_fd_sc_hd__nand3b_1)
            0.129    0.000   12.814 v g_requant[3].u_rq/_8681_/A2 (sky130_fd_sc_hd__a211o_1)
   0.006    0.061    0.333   13.147 v g_requant[3].u_rq/_8681_/X (sky130_fd_sc_hd__a211o_1)
            0.061    0.000   13.147 v g_requant[3].u_rq/_8682_/A2 (sky130_fd_sc_hd__a21oi_1)
   0.011    0.271    0.263   13.410 ^ g_requant[3].u_rq/_8682_/Y (sky130_fd_sc_hd__a21oi_1)
            0.271    0.000   13.410 ^ g_requant[3].u_rq/_8686_/A1 (sky130_fd_sc_hd__o211a_1)
   0.011    0.107    0.251   13.661 ^ g_requant[3].u_rq/_8686_/X (sky130_fd_sc_hd__o211a_1)
            0.107    0.000   13.661 ^ g_requant[3].u_rq/_9038_/A2 (sky130_fd_sc_hd__o21a_1)
   0.021    0.206    0.238   13.899 ^ g_requant[3].u_rq/_9038_/X (sky130_fd_sc_hd__o21a_1)
            0.206    0.000   13.899 ^ g_requant[3].u_rq/_9040_/A (sky130_fd_sc_hd__lpflow_inputiso1p_1)
   0.006    0.066    0.149   14.048 ^ g_requant[3].u_rq/_9040_/X (sky130_fd_sc_hd__lpflow_inputiso1p_1)
            0.066    0.000   14.048 ^ g_requant[3].u_rq/_9127_/A3 (sky130_fd_sc_hd__mux4_1)
   0.010    0.119    0.269   14.317 ^ g_requant[3].u_rq/_9127_/X (sky130_fd_sc_hd__mux4_1)
            0.119    0.000   14.318 ^ g_requant[3].u_rq/_9249_/A1 (sky130_fd_sc_hd__mux2i_1)
   0.008    0.118    0.120   14.438 v g_requant[3].u_rq/_9249_/Y (sky130_fd_sc_hd__mux2i_1)
            0.118    0.000   14.438 v g_requant[3].u_rq/_9250_/A1 (sky130_fd_sc_hd__mux2_1)
   0.008    0.083    0.353   14.791 v g_requant[3].u_rq/_9250_/X (sky130_fd_sc_hd__mux2_1)
            0.083    0.000   14.791 v g_requant[3].u_rq/_9333_/A2 (sky130_fd_sc_hd__a21o_1)
   0.004    0.038    0.192   14.983 v g_requant[3].u_rq/_9333_/X (sky130_fd_sc_hd__a21o_1)
            0.038    0.000   14.983 v g_requant[3].u_rq/_9435_/A (sky130_fd_sc_hd__or4b_1)
   0.003    0.084    0.511   15.495 v g_requant[3].u_rq/_9435_/X (sky130_fd_sc_hd__or4b_1)
            0.084    0.000   15.495 v g_requant[3].u_rq/_9436_/C (sky130_fd_sc_hd__nor3_1)
   0.003    0.163    0.150   15.645 ^ g_requant[3].u_rq/_9436_/Y (sky130_fd_sc_hd__nor3_1)
            0.163    0.000   15.645 ^ g_requant[3].u_rq/_9437_/D (sky130_fd_sc_hd__nand4_1)
   0.003    0.081    0.112   15.757 v g_requant[3].u_rq/_9437_/Y (sky130_fd_sc_hd__nand4_1)
            0.081    0.000   15.757 v g_requant[3].u_rq/_9441_/A (sky130_fd_sc_hd__nor4bb_1)
   0.003    0.226    0.277   16.034 ^ g_requant[3].u_rq/_9441_/Y (sky130_fd_sc_hd__nor4bb_1)
            0.226    0.000   16.034 ^ g_requant[3].u_rq/_9442_/A4 (sky130_fd_sc_hd__a41o_1)
   0.021    0.208    0.326   16.361 ^ g_requant[3].u_rq/_9442_/X (sky130_fd_sc_hd__a41o_1)
            0.208    0.001   16.362 ^ g_requant[3].u_rq/_9485_/B1 (sky130_fd_sc_hd__o21ai_0)
   0.027    0.359    0.354   16.715 v g_requant[3].u_rq/_9485_/Y (sky130_fd_sc_hd__o21ai_0)
            0.359    0.004   16.719 v _1056_/A1 (sky130_fd_sc_hd__mux2i_1)
   0.014    0.414    0.413   17.132 ^ _1056_/Y (sky130_fd_sc_hd__mux2i_1)
            0.414    0.001   17.133 ^ _1058_/A2 (sky130_fd_sc_hd__o21ai_0)
   0.003    0.112    0.134   17.267 v _1058_/Y (sky130_fd_sc_hd__o21ai_0)
            0.112    0.000   17.267 v hold11758/A (sky130_fd_sc_hd__clkdlybuf4s15_1)
   0.004    0.040    0.214   17.481 v hold11758/X (sky130_fd_sc_hd__clkdlybuf4s15_1)
            0.040    0.000   17.481 v _1442_/D (sky130_fd_sc_hd__dfrtp_4)
                             17.481   data arrival time

                    15.000   15.000   clock clk (rise edge)
                     0.000   15.000   clock source latency
   0.051    0.000    0.000   15.000 ^ clk (in)
            0.005    0.003   15.003 ^ clkbuf_0_clk/A (sky130_fd_sc_hd__clkbuf_4)
   0.057    0.174    0.216   15.219 ^ clkbuf_0_clk/X (sky130_fd_sc_hd__clkbuf_4)
            0.174    0.001   15.220 ^ clkbuf_2_2_0_clk/A (sky130_fd_sc_hd__clkbuf_4)
   0.005    0.036    0.166   15.386 ^ clkbuf_2_2_0_clk/X (sky130_fd_sc_hd__clkbuf_4)
            0.036    0.000   15.386 ^ clkbuf_2_2_1_clk/A (sky130_fd_sc_hd__clkbuf_4)
   0.005    0.033    0.115   15.501 ^ clkbuf_2_2_1_clk/X (sky130_fd_sc_hd__clkbuf_4)
            0.033    0.000   15.501 ^ clkbuf_2_2_2_clk/A (sky130_fd_sc_hd__clkbuf_4)
   0.023    0.081    0.157   15.658 ^ clkbuf_2_2_2_clk/X (sky130_fd_sc_hd__clkbuf_4)
            0.081    0.001   15.659 ^ clkbuf_3_5_0_clk/A (sky130_fd_sc_hd__clkbuf_4)
   0.005    0.035    0.133   15.792 ^ clkbuf_3_5_0_clk/X (sky130_fd_sc_hd__clkbuf_4)
            0.035    0.000   15.792 ^ clkbuf_3_5_1_clk/A (sky130_fd_sc_hd__clkbuf_4)
   0.014    0.056    0.137   15.929 ^ clkbuf_3_5_1_clk/X (sky130_fd_sc_hd__clkbuf_4)
            0.056    0.000   15.929 ^ clkbuf_4_11_0_clk/A (sky130_fd_sc_hd__clkbuf_4)
   0.006    0.036    0.125   16.055 ^ clkbuf_4_11_0_clk/X (sky130_fd_sc_hd__clkbuf_4)
            0.036    0.000   16.055 ^ clkbuf_4_11_1_clk/A (sky130_fd_sc_hd__clkbuf_4)
   0.017    0.064    0.145   16.200 ^ clkbuf_4_11_1_clk/X (sky130_fd_sc_hd__clkbuf_4)
            0.064    0.001   16.200 ^ clkbuf_5_23_0_clk/A (sky130_fd_sc_hd__clkbuf_4)
   0.017    0.064    0.156   16.356 ^ clkbuf_5_23_0_clk/X (sky130_fd_sc_hd__clkbuf_4)
            0.064    0.000   16.356 ^ clkbuf_6_46_0_clk/A (sky130_fd_sc_hd__clkbuf_4)
   0.012    0.051    0.143   16.499 ^ clkbuf_6_46_0_clk/X (sky130_fd_sc_hd__clkbuf_4)
            0.051    0.000   16.500 ^ clkbuf_7_93_0_clk/A (sky130_fd_sc_hd__clkbuf_4)
   0.010    0.045    0.133   16.633 ^ clkbuf_7_93_0_clk/X (sky130_fd_sc_hd__clkbuf_4)
            0.045    0.000   16.633 ^ clkbuf_8_187_0_clk/A (sky130_fd_sc_hd__clkbuf_4)
   0.052    0.162    0.222   16.855 ^ clkbuf_8_187_0_clk/X (sky130_fd_sc_hd__clkbuf_4)
            0.162    0.001   16.856 ^ clkbuf_leaf_1221_clk/A (sky130_fd_sc_hd__clkbuf_4)
   0.006    0.038    0.164   17.020 ^ clkbuf_leaf_1221_clk/X (sky130_fd_sc_hd__clkbuf_4)
            0.038    0.000   17.020 ^ _1442_/CLK (sky130_fd_sc_hd__dfrtp_4)
                    -0.750   16.270   clock uncertainty
                     0.000   16.270   clock reconvergence pessimism
                    -0.114   16.156   library setup time
                             16.156   data required time
---------------------------------------------------------------------------
                             16.156   data required time
                            -17.481   data arrival time
---------------------------------------------------------------------------
                             -1.325   slack (VIOLATED)


==REPORT wns==
worst slack -1.33
==REPORT tns==
tns -30.38
==REPORT hold==
worst slack -0.00
==REPORT power==
Group                  Internal  Switching    Leakage      Total
                          Power      Power      Power      Power
----------------------------------------------------------------
Sequential             1.85e-02   1.25e-03   5.35e-08   1.98e-02  21.2%
Combinational          3.68e-02   3.65e-02   2.04e-07   7.34e-02  78.8%
Macro                  0.00e+00   0.00e+00   0.00e+00   0.00e+00   0.0%
Pad                    0.00e+00   0.00e+00   0.00e+00   0.00e+00   0.0%
----------------------------------------------------------------
Total                  5.53e-02   3.78e-02   2.58e-07   9.31e-02 100.0%
                          59.4%      40.6%       0.0%
==REPORT area==
Design area 631630 u^2 55% utilization.
==REPORT clock_skew==
Clock clk
Latency      CRPR       Skew
u_ctrl/_1742_/CLK ^
   2.10
u_array/u_grid/g_row[1].g_col[2].u_pe/_1782_/CLK ^
   1.77      0.00       0.33

==REPORT end==
